---
source: crates/csskit_proc_macro/src/test/test_generate.rs
expression: pretty
---
::css_parse::keyword_set!(
    #[derive(::csskit_derives::Visitable)] #[visit(skip)] pub enum FooKeywords { Foo :
    "foo", }
);
#[derive(Parse)]
enum Foo {
    #[parse(keyword = FooKeywords::Foo)]
    Foo(::css_parse::T![Ident]),
    LengthPercentage(#[parse(in_range = 0f32..)] crate::LengthPercentage),
}
