---
source: crates/csskit_proc_macro/src/test/test_generate.rs
expression: pretty
---
#[derive(Parse)]
#[derive(::stable_type_layout::TypeLayout)]
#[repr(C)]
struct Foo<'a>(
    pub crate::AutoOr<
        (crate::Value<'a, crate::Color<'a>>, crate::Value<'a, crate::Color<'a>>),
    >,
);
#[cfg(test)]
::stable_type_layout::register!(Foo < 'static >);
