---
source: crates/csskit_proc_macro/src/test/test_generate.rs
expression: pretty
---
#[cfg_attr(test, derive(::stable_type_layout::TypeLayout))]
#[repr(C)]
struct Foo<'a>(
    pub ::css_parse::CommaSeparated<
        'a,
        crate::Value<'a, crate::AnimateableFeature>,
        0usize,
    >,
);
#[cfg(test)]
::stable_type_layout::register!(Foo < 'static >);
