---
source: crates/csskit_proc_macro/src/test/test_generate.rs
expression: pretty
---
::css_parse::keyword_set!(
    #[derive(::csskit_derives::Visitable)] #[visit(skip)] pub enum FooKeywords { Foo :
    "foo", Bar : "bar", Baz : "baz", }
);
#[derive(Visitable)]
struct Foo {
    #[visit(skip)]
    pub foo: Option<::css_parse::T![Ident]>,
    #[visit(skip)]
    pub bar: Option<::css_parse::T![Ident]>,
    #[visit(skip)]
    pub baz: Option<::css_parse::T![Ident]>,
}
