---
source: crates/csskit_proc_macro/src/test/test_generate.rs
expression: pretty
---
#[derive(Parse)]
#[cfg_attr(test, derive(::stable_type_layout::TypeLayout))]
#[repr(C, u8)]
enum Foo<'a> {
    Length(
        crate::CalcableValue<'a, crate::Length>,
        Option<crate::CalcableValue<'a, crate::Length>>,
    ),
    #[atom(CssAtomSet::Foo)]
    Foo(::css_parse::T![Ident]),
}
#[cfg(test)]
::stable_type_layout::register!(Foo < 'static >);
