---
source: crates/csskit_proc_macro/src/test/test_generate.rs
expression: pretty
---
#[derive(Parse)]
#[derive(::stable_type_layout::TypeLayout)]
#[repr(C, u8)]
enum Foo<'a> {
    #[atom(CssAtomSet::Foo)]
    Foo(crate::KeywordValue<'a, ::css_parse::T![Ident]>),
    CustomIdent(crate::Value<'a, crate::CustomIdent>),
}
#[cfg(test)]
::stable_type_layout::register!(Foo < 'static >);
