---
source: crates/csskit_proc_macro/src/test/test_generate.rs
expression: pretty
---
#[derive(Parse)]
enum Foo {
    #[atom(CssAtomSet::Bar)]
    Bar(::css_parse::T![Ident]),
    Foo(
        #[atom(CssAtomSet::Foo)]
        ::css_parse::T![Ident],
        #[in_range(-90f32..= 90f32)]
        Option<crate::Angle>,
    ),
}
