---
source: crates/csskit_proc_macro/src/test/test_generate.rs
expression: pretty
---
#[derive(Parse)]
enum Foo {
    Literal0deg(#[atom(CssAtomSet::Deg)] crate::Exact<::css_parse::T![Dimension], 0i32>),
    Literal90deg(
        #[atom(CssAtomSet::Deg)]
        crate::Exact<::css_parse::T![Dimension], 90i32>,
    ),
}
