---
source: crates/csskit_proc_macro/src/test/test_generate.rs
expression: pretty
---
#[derive(Parse)]
enum Foo {
    #[atom(CssAtomSet::None)]
    None(::css_parse::T![Ident]),
    #[parse(one_must_occur)]
    UnderlineOverlineLineThroughBlink {
        #[atom(CssAtomSet::Underline)]
        pub underline: Option<::css_parse::T![Ident]>,
        #[atom(CssAtomSet::Overline)]
        pub overline: Option<::css_parse::T![Ident]>,
        #[atom(CssAtomSet::LineThrough)]
        pub line_through: Option<::css_parse::T![Ident]>,
        #[atom(CssAtomSet::Blink)]
        pub blink: Option<::css_parse::T![Ident]>,
    },
    #[atom(CssAtomSet::SpellingError)]
    SpellingError(::css_parse::T![Ident]),
    #[atom(CssAtomSet::GrammarError)]
    GrammarError(::css_parse::T![Ident]),
}
