---
source: crates/csskit_proc_macro/src/test/test_generate.rs
expression: pretty
---
#[derive(Parse)]
enum Foo {
    #[atom(CssAtomSet::None)]
    None(::css_parse::T![Ident]),
    #[parse(one_must_occur)]
    AngleFlip {
        angle: Option<crate::Angle>,
        #[atom(CssAtomSet::Flip)]
        flip: Option<::css_parse::T![Ident]>,
    },
    Length(crate::Length),
}
