---
source: crates/csskit_proc_macro/src/test/test_generate.rs
expression: pretty
---
#[derive(Parse)]
enum Foo {
    #[atom(CssAtomSet::Keyword)]
    Keyword(::css_parse::T![Ident]),
    Literal1(crate::Exact<crate::CSSInt, 1i32>),
    Literal1deg(#[atom(CssAtomSet::Deg)] crate::Exact<::css_parse::T![Dimension], 1i32>),
}
