---
source: crates/csskit_derives/src/test/test_parse.rs
expression: pretty
---
#[automatically_derived]
impl<'a> ::css_parse::Parse<'a> for NewtypeEnum {
    fn parse(p: &mut css_parse::Parser<'a>) -> css_parse::Result<Self> {
        use css_parse::{Parse, Peek};
        let c = p.peek_n(1);
        let keywords = Keyword::from_cursor(p, c);
        if let Some(Keyword::Foo(ident)) = keywords {
            let f0 = p.parse::<Ident>()?;
            Ok(Self::Foo { 0: f0 })
        } else if let Some(Keyword::Bar(ident)) = keywords {
            let f0 = p.parse::<Ident>()?;
            Ok(Self::Bar { 0: f0 })
        } else {
            return Err(crate::Diagnostic::new(c, crate::Diagnostic::unexpected))?;
        }
    }
}
