---
source: crates/csskit_derives/src/test/test_parse.rs
expression: pretty
---
#[automatically_derived]
impl<'a> ::css_parse::Parse<'a> for Transform {
    fn parse(p: &mut css_parse::Parser<'a>) -> css_parse::Result<Self> {
        use css_parse::{Parse, Peek, Build};
        if p.peek::<Number>() {
            let x = p.parse::<Number>()?;
            if let Some(i) = ::css_parse::ToNumberValue::to_number_value(&x) {
                if 0 > i {
                    use ::css_parse::ToSpan;
                    Err(::css_parse::diagnostics::NumberTooSmall(0, x.to_span()))?
                }
            }
            let y = p.parse::<Number>()?;
            if let Some(i) = ::css_parse::ToNumberValue::to_number_value(&y) {
                if 0 > i {
                    use ::css_parse::ToSpan;
                    Err(::css_parse::diagnostics::NumberTooSmall(0, y.to_span()))?
                }
            }
            Ok(Self::Scale { x: x, y: y })
        } else if p.peek::<Number>() {
            let angle = p.parse::<Number>()?;
            if let Some(i) = ::css_parse::ToNumberValue::to_number_value(&angle) {
                if !(-360..=360).contains(&i) {
                    use ::css_parse::ToSpan;
                    Err(
                        ::css_parse::diagnostics::NumberOutOfBounds(
                            i,
                            format!("{}..={}", - 360, 360),
                            angle.to_span(),
                        ),
                    )?
                }
            }
            Ok(Self::Rotate { angle: angle })
        } else {
            let x = p.parse::<Length>()?;
            let y = p.parse::<Percentage>()?;
            if let Some(i) = ::css_parse::ToNumberValue::to_number_value(&y) {
                if !(-100..=100).contains(&i) {
                    use ::css_parse::ToSpan;
                    Err(
                        ::css_parse::diagnostics::NumberOutOfBounds(
                            i,
                            format!("{}..={}", - 100, 100),
                            y.to_span(),
                        ),
                    )?
                }
            }
            Ok(Self::Translate { x: x, y: y })
        }
    }
}
