---
source: crates/csskit_derives/src/test/test_visitable.rs
expression: pretty
---
#[automatically_derived]
impl crate::VisitableMut for Display {
    fn accept_mut<__V: crate::VisitMut>(&mut self, v: &mut __V) {
        use crate::VisitableMut;
        match self {
            Self::Block(__binding_0) => {
                __binding_0.accept_mut(v);
            }
            Self::Inline(__binding_0) => {
                __binding_0.accept_mut(v);
            }
        }
    }
}
#[automatically_derived]
impl crate::Visitable for Display {
    fn accept<__V: crate::Visit>(&self, v: &mut __V) -> visit_flow::VisitFlow {
        use crate::Visitable;
        visit_flow::try_visit!(
            { match self { Self::Block(__binding_0) => {
            visit_flow::try_visit!(__binding_0.accept(v)); < visit_flow::VisitFlow as
            visit_flow::VisitFlowExt > ::DESCEND }, Self::Inline(__binding_0) => {
            visit_flow::try_visit!(__binding_0.accept(v)); < visit_flow::VisitFlow as
            visit_flow::VisitFlowExt > ::DESCEND }, } }
        );
        <visit_flow::VisitFlow as visit_flow::VisitFlowExt>::DESCEND
    }
}
