---
source: crates/csskit_derives/src/test/test_parse.rs
expression: pretty
---
#[automatically_derived]
impl<'a> ::css_parse::Parse<'a> for Value {
    fn parse<I>(p: &mut css_parse::Parser<'a, I>) -> css_parse::Result<Self>
    where
        I: ::std::iter::Iterator<Item = ::css_parse::Cursor> + ::std::clone::Clone,
    {
        use css_parse::{Parse, Peek};
        if p.peek::<AutoKeyword>() {
            let mut auto: Option<AutoKeyword> = None;
            let mut percentage: Option<Number> = None;
            loop {
                let c = p.peek_n(1);
                if auto.is_none() && <AutoKeyword>::peek(p, c) {
                    auto = Some(p.parse::<AutoKeyword>()?);
                    continue;
                }
                if percentage.is_none() && <Number>::peek(p, c) {
                    let inner = p.parse::<Number>()?;
                    if let Some(i) = ::css_parse::ToNumberValue::to_number_value(
                        &inner,
                    ) {
                        let c: ::css_parse::Cursor = inner.into();
                        if !(0..=100).contains(&i) {
                            use ::css_parse::ToSpan;
                            Err(
                                crate::Diagnostic::new(
                                    c,
                                    crate::Diagnostic::number_out_of_bounds,
                                ),
                            )?
                        }
                    }
                    percentage = Some(inner);
                    continue;
                }
                break;
            }
            if auto.is_none() || percentage.is_none() {
                let c = p.peek_n(1);
                Err(crate::Diagnostic::new(c, crate::Diagnostic::unexpected))?
            }
            return Ok(Self::WithRange {
                auto: auto.unwrap(),
                percentage: percentage.unwrap(),
            });
        }
        {
            let f0 = p.parse::<String>()?;
            return Ok(Self::Simple { 0: f0 });
        }
    }
}
