---
source: crates/csskit_derives/src/test/test_parse.rs
expression: pretty
---
#[automatically_derived]
impl<'a> ::css_parse::Parse<'a> for FlexValue {
    fn parse(p: &mut css_parse::Parser<'a>) -> css_parse::Result<Self> {
        use css_parse::Parse;
        if p.peek::<Ident>() {
            let f0 = p.parse::<Ident>()?;
            Ok(Self::Auto { 0: f0 })
        } else if p.peek::<Length>() {
            let f0 = p.parse::<Length>()?;
            Ok(Self::Length { 0: f0 })
        } else if p.peek::<Percentage>() {
            let f0 = p.parse::<Percentage>()?;
            Ok(Self::Percentage { 0: f0 })
        } else if p.peek::<String>() {
            let expr = p.parse::<String>()?;
            let unit = p.parse::<Unit>()?;
            Ok(Self::Calc {
                expr: expr,
                unit: unit,
            })
        } else {
            let min = p.parse::<Length>()?;
            let max = p.parse::<Length>()?;
            Ok(Self::MinMax { min: min, max: max })
        }
    }
}
