---
source: crates/csskit_derives/src/test/test_to_cursors.rs
expression: pretty
---
#[automatically_derived]
impl ::css_parse::ToCursors for Value {
    fn to_cursors(&self, s: &mut impl ::css_parse::CursorSink) {
        use ::css_parse::ToCursors;
        match self {
            Self::Length(v0, v1) => {
                ToCursors::to_cursors(v0, s);
                ToCursors::to_cursors(v1, s);
            }
            Self::Percentage(v0) => {
                ToCursors::to_cursors(v0, s);
            }
            Self::Function(v0, v1) => {
                ToCursors::to_cursors(v0, s);
                ToCursors::to_cursors(v1, s);
            }
        }
    }
}
