---
source: crates/csskit_derives/src/test/test_semantic_eq.rs
expression: pretty
---
#[automatically_derived]
impl ::css_parse::SemanticEq for Display {
    fn semantic_eq(&self, other: &Self, source_text: &str) -> bool {
        use ::css_parse::SemanticEq;
        match (self, other) {
            (Display::Block(a0), Display::Block(b0)) => a0.semantic_eq(&b0, source_text),
            (Display::Inline(a0), Display::Inline(b0)) => {
                a0.semantic_eq(&b0, source_text)
            }
            (Display::None(a0), Display::None(b0)) => a0.semantic_eq(&b0, source_text),
            _ => false,
        }
    }
}
