---
source: crates/csskit_derives/src/test/test_parse.rs
expression: pretty
---
#[automatically_derived]
impl<'a> ::css_parse::Parse<'a> for Transform {
    fn parse(p: &mut css_parse::Parser<'a>) -> css_parse::Result<Self> {
        use css_parse::Parse;
        if p.peek::<Number>() {
            let x = p.parse::<Number>()?;
            if let Ok(i) = std::convert::TryInto::<f32>::try_into(x) {
                if 0 > i {
                    use ::css_parse::ToSpan;
                    Err(::css_parse::diagnostics::NumberTooSmall(0, x.to_span()))?
                }
            }
            let y = p.parse::<Number>()?;
            if let Ok(i) = std::convert::TryInto::<f32>::try_into(y) {
                if 0 > i {
                    use ::css_parse::ToSpan;
                    Err(::css_parse::diagnostics::NumberTooSmall(0, y.to_span()))?
                }
            }
            Ok(Self::Scale { x: x, y: y })
        } else if p.peek::<Number>() {
            let angle = p.parse::<Number>()?;
            if let Ok(i) = std::convert::TryInto::<f32>::try_into(angle) {
                if !(-360..=360).contains(&i) {
                    use ::css_parse::ToSpan;
                    Err(
                        ::css_parse::diagnostics::NumberOutOfBounds(
                            angle.into(),
                            format!("{}..={}", - 360, 360),
                            angle.to_span(),
                        ),
                    )?
                }
            }
            Ok(Self::Rotate { angle: angle })
        } else {
            let x = p.parse::<Length>()?;
            let y = p.parse::<Percentage>()?;
            if let Ok(i) = std::convert::TryInto::<f32>::try_into(y) {
                if !(-100..=100).contains(&i) {
                    use ::css_parse::ToSpan;
                    Err(
                        ::css_parse::diagnostics::NumberOutOfBounds(
                            y.into(),
                            format!("{}..={}", - 100, 100),
                            y.to_span(),
                        ),
                    )?
                }
            }
            Ok(Self::Translate { x: x, y: y })
        }
    }
}
