---
source: crates/csskit_derives/src/test/test_parse.rs
expression: pretty
---
#[automatically_derived]
impl<'a> ::css_parse::Parse<'a> for NewtypeEnum {
    fn parse(p: &mut css_parse::Parser<'a>) -> css_parse::Result<Self> {
        use css_parse::{Parse, Peek};
        if p.peek::<Ident>() {
            let c = p.peek_n(1);
            match p.to_atom::<Keyword>(c) {
                Keyword::Foo => {
                    let f0 = p.parse::<Ident>()?;
                    return Ok(Self::Foo { 0: f0 });
                }
                Keyword::Bar => {
                    let f0 = p.parse::<Ident>()?;
                    return Ok(Self::Bar { 0: f0 });
                }
                _ => {}
            }
        }
        {
            let f0 = p.parse::<Length>()?;
            return Ok(Self::Length { 0: f0 });
        }
    }
}
