---
source: crates/csskit_derives/src/test/test_parse.rs
expression: pretty
---
#[automatically_derived]
impl<'a> ::css_parse::Parse<'a> for AllMustOccurEnum {
    fn parse(p: &mut css_parse::Parser<'a>) -> css_parse::Result<Self> {
        use css_parse::{Parse, Peek};
        if p.peek::<String>() {
            let f0 = p.parse::<String>()?;
            Ok(Self::Simple { 0: f0 })
        } else {
            let mut auto_field: Option<AutoValue> = None;
            let mut none_field: Option<NoneValue> = None;
            let mut length: Option<Length> = None;
            loop {
                let c = p.peek_n(1);
                if auto_field.is_none() && <FooKeywords>::peek(p, c) {
                    if let Some(FooKeywords::Auto(ident)) = FooKeywords::from_cursor(
                        p,
                        c,
                    ) {
                        auto_field = Some(p.parse::<::css_parse::T![Ident]>()?);
                        continue;
                    }
                }
                if none_field.is_none() && <FooKeywords>::peek(p, c) {
                    if let Some(FooKeywords::None(ident)) = FooKeywords::from_cursor(
                        p,
                        c,
                    ) {
                        none_field = Some(p.parse::<::css_parse::T![Ident]>()?);
                        continue;
                    }
                }
                if length.is_none() && <Length>::peek(p, c) {
                    length = Some(p.parse::<Length>()?);
                    continue;
                }
                break;
            }
            if auto_field.is_none() || none_field.is_none() || length.is_none() {
                let c = p.peek_n(1);
                Err(crate::diagnostics::Unexpected(c))?
            }
            Ok(Self::Complex {
                auto_field: auto_field.unwrap(),
                none_field: none_field.unwrap(),
                length: length.unwrap(),
            })
        }
    }
}
