---
source: crates/csskit_derives/src/test/test_parse.rs
expression: pretty
---
#[automatically_derived]
impl<'a> ::css_parse::Parse<'a> for Declaration {
    fn parse(p: &mut css_parse::Parser<'a>) -> css_parse::Result<Self> {
        use css_parse::{Parse, Peek};
        let stop = p.set_stop(KindSet::DeclarationEnd);
        let state = p.set_state(State::InDeclaration);
        let property = p.parse::<Ident>()?;
        let value = p.parse::<CSSValue>()?;
        p.set_state(state);
        p.set_stop(stop);
        Ok(Self {
            property: property,
            value: value,
        })
    }
}
