---
source: crates/css_ast/tests/postcss_snapshots.rs
expression: result.output.unwrap()
---
StyleSheet(
  rules: [
    UnknownAtRule(
      name: AtKeyword(Cursor(
        kind: "AtKeyword",
        offset: SourceOffset(0),
        len: 9,
      )),
      prelude: ComponentValues(
        values: [
          Whitespace(Cursor(
            kind: "Whitespace",
            offset: SourceOffset(9),
            len: 1,
          )),
          SimpleBlock(
            open: PairWiseStart(Cursor(
              kind: "LeftParen",
              offset: SourceOffset(10),
              len: 1,
            )),
            values: ComponentValues(
              values: [
                FunctionBlock(
                  name: Function(Cursor(
                    kind: "Function",
                    offset: SourceOffset(11),
                    len: 10,
                  )),
                  params: ComponentValues(
                    values: [
                      String(Cursor(
                        kind: "String",
                        offset: SourceOffset(21),
                        len: 11,
                      )),
                      Comma(Cursor(
                        kind: "Comma",
                        offset: SourceOffset(32),
                        len: 1,
                      )),
                      Whitespace(Cursor(
                        kind: "Whitespace",
                        offset: SourceOffset(33),
                        len: 1,
                      )),
                      SimpleBlock(
                        open: PairWiseStart(Cursor(
                          kind: "LeftCurly",
                          offset: SourceOffset(34),
                          len: 1,
                        )),
                        values: ComponentValues(
                          values: [
                            Whitespace(Cursor(
                              kind: "Whitespace",
                              offset: SourceOffset(35),
                              len: 1,
                            )),
                            String(Cursor(
                              kind: "String",
                              offset: SourceOffset(36),
                              len: 10,
                            )),
                            Colon(Cursor(
                              kind: "Colon",
                              offset: SourceOffset(46),
                              len: 1,
                            )),
                            Whitespace(Cursor(
                              kind: "Whitespace",
                              offset: SourceOffset(47),
                              len: 1,
                            )),
                            Number(Cursor(
                              kind: "Number",
                              offset: SourceOffset(48),
                              len: 3,
                            )),
                          ],
                        ),
                        close: Some(PairWiseEnd(Cursor(
                          kind: "RightCurly",
                          offset: SourceOffset(52),
                          len: 1,
                        ))),
                      ),
                    ],
                  ),
                  close: RightParen(Cursor(
                    kind: "RightParen",
                    offset: SourceOffset(53),
                    len: 1,
                  )),
                ),
              ],
            ),
            close: Some(PairWiseEnd(Cursor(
              kind: "RightParen",
              offset: SourceOffset(54),
              len: 1,
            ))),
          ),
          Whitespace(Cursor(
            kind: "Whitespace",
            offset: SourceOffset(55),
            len: 1,
          )),
          SimpleBlock(
            open: PairWiseStart(Cursor(
              kind: "LeftCurly",
              offset: SourceOffset(56),
              len: 1,
            )),
            values: ComponentValues(
              values: [
                Whitespace(Cursor(
                  kind: "Whitespace",
                  offset: SourceOffset(57),
                  len: 3,
                )),
                SimpleBlock(
                  open: PairWiseStart(Cursor(
                    kind: "LeftSquare",
                    offset: SourceOffset(60),
                    len: 1,
                  )),
                  values: ComponentValues(
                    values: [
                      Ident(Cursor(
                        kind: "Ident",
                        offset: SourceOffset(61),
                        len: 6,
                      )),
                    ],
                  ),
                  close: Some(PairWiseEnd(Cursor(
                    kind: "RightSquare",
                    offset: SourceOffset(67),
                    len: 1,
                  ))),
                ),
                Whitespace(Cursor(
                  kind: "Whitespace",
                  offset: SourceOffset(68),
                  len: 1,
                )),
                SimpleBlock(
                  open: PairWiseStart(Cursor(
                    kind: "LeftCurly",
                    offset: SourceOffset(69),
                    len: 1,
                  )),
                  values: ComponentValues(
                    values: [
                      Whitespace(Cursor(
                        kind: "Whitespace",
                        offset: SourceOffset(70),
                        len: 5,
                      )),
                      Ident(Cursor(
                        kind: "Ident",
                        offset: SourceOffset(75),
                        len: 10,
                      )),
                      Colon(Cursor(
                        kind: "Colon",
                        offset: SourceOffset(85),
                        len: 1,
                      )),
                      Whitespace(Cursor(
                        kind: "Whitespace",
                        offset: SourceOffset(86),
                        len: 1,
                      )),
                      Ident(Cursor(
                        kind: "Ident",
                        offset: SourceOffset(87),
                        len: 11,
                      )),
                      Semicolon(Cursor(
                        kind: "Semicolon",
                        offset: SourceOffset(98),
                        len: 1,
                      )),
                    ],
                  ),
                  close: Some(PairWiseEnd(Cursor(
                    kind: "RightCurly",
                    offset: SourceOffset(102),
                    len: 1,
                  ))),
                ),
              ],
            ),
            close: Some(PairWiseEnd(Cursor(
              kind: "RightCurly",
              offset: SourceOffset(104),
              len: 1,
            ))),
          ),
          Whitespace(Cursor(
            kind: "Whitespace",
            offset: SourceOffset(105),
            len: 2,
          )),
          AtKeyword(Cursor(
            kind: "AtKeyword",
            offset: SourceOffset(107),
            len: 9,
          )),
          Whitespace(Cursor(
            kind: "Whitespace",
            offset: SourceOffset(116),
            len: 1,
          )),
          SimpleBlock(
            open: PairWiseStart(Cursor(
              kind: "LeftParen",
              offset: SourceOffset(117),
              len: 1,
            )),
            values: ComponentValues(
              values: [
                SimpleBlock(
                  open: PairWiseStart(Cursor(
                    kind: "LeftCurly",
                    offset: SourceOffset(118),
                    len: 1,
                  )),
                  values: ComponentValues(
                    values: [
                      String(Cursor(
                        kind: "String",
                        offset: SourceOffset(119),
                        len: 9,
                      )),
                      Colon(Cursor(
                        kind: "Colon",
                        offset: SourceOffset(128),
                        len: 1,
                      )),
                      Whitespace(Cursor(
                        kind: "Whitespace",
                        offset: SourceOffset(129),
                        len: 1,
                      )),
                      Number(Cursor(
                        kind: "Number",
                        offset: SourceOffset(130),
                        len: 1,
                      )),
                    ],
                  ),
                  close: Some(PairWiseEnd(Cursor(
                    kind: "RightCurly",
                    offset: SourceOffset(131),
                    len: 1,
                  ))),
                ),
              ],
            ),
            close: Some(PairWiseEnd(Cursor(
              kind: "RightParen",
              offset: SourceOffset(132),
              len: 1,
            ))),
          ),
          Whitespace(Cursor(
            kind: "Whitespace",
            offset: SourceOffset(133),
            len: 1,
          )),
          SimpleBlock(
            open: PairWiseStart(Cursor(
              kind: "LeftCurly",
              offset: SourceOffset(134),
              len: 1,
            )),
            values: ComponentValues(
              values: [
                Whitespace(Cursor(
                  kind: "Whitespace",
                  offset: SourceOffset(135),
                  len: 3,
                )),
                Delim(Cursor(
                  kind: "Delim",
                  offset: SourceOffset(138),
                  len: 1,
                )),
                Whitespace(Cursor(
                  kind: "Whitespace",
                  offset: SourceOffset(139),
                  len: 1,
                )),
                SimpleBlock(
                  open: PairWiseStart(Cursor(
                    kind: "LeftCurly",
                    offset: SourceOffset(140),
                    len: 1,
                  )),
                  values: ComponentValues(
                    values: [
                      Whitespace(Cursor(
                        kind: "Whitespace",
                        offset: SourceOffset(141),
                        len: 1,
                      )),
                      Ident(Cursor(
                        kind: "Ident",
                        offset: SourceOffset(142),
                        len: 10,
                      )),
                      Colon(Cursor(
                        kind: "Colon",
                        offset: SourceOffset(152),
                        len: 1,
                      )),
                      Whitespace(Cursor(
                        kind: "Whitespace",
                        offset: SourceOffset(153),
                        len: 1,
                      )),
                      Ident(Cursor(
                        kind: "Ident",
                        offset: SourceOffset(154),
                        len: 3,
                      )),
                      Semicolon(Cursor(
                        kind: "Semicolon",
                        offset: SourceOffset(157),
                        len: 1,
                      )),
                    ],
                  ),
                  close: Some(PairWiseEnd(Cursor(
                    kind: "RightCurly",
                    offset: SourceOffset(159),
                    len: 1,
                  ))),
                ),
              ],
            ),
            close: Some(PairWiseEnd(Cursor(
              kind: "RightCurly",
              offset: SourceOffset(161),
              len: 1,
            ))),
          ),
          Whitespace(Cursor(
            kind: "Whitespace",
            offset: SourceOffset(162),
            len: 2,
          )),
          AtKeyword(Cursor(
            kind: "AtKeyword",
            offset: SourceOffset(164),
            len: 9,
          )),
          Whitespace(Cursor(
            kind: "Whitespace",
            offset: SourceOffset(173),
            len: 1,
          )),
          SimpleBlock(
            open: PairWiseStart(Cursor(
              kind: "LeftParen",
              offset: SourceOffset(174),
              len: 1,
            )),
            values: ComponentValues(
              values: [
                SimpleBlock(
                  open: PairWiseStart(Cursor(
                    kind: "LeftParen",
                    offset: SourceOffset(175),
                    len: 1,
                  )),
                  values: ComponentValues(
                    values: [
                      String(Cursor(
                        kind: "String",
                        offset: SourceOffset(176),
                        len: 9,
                      )),
                      Colon(Cursor(
                        kind: "Colon",
                        offset: SourceOffset(185),
                        len: 1,
                      )),
                      Whitespace(Cursor(
                        kind: "Whitespace",
                        offset: SourceOffset(186),
                        len: 1,
                      )),
                      Number(Cursor(
                        kind: "Number",
                        offset: SourceOffset(187),
                        len: 1,
                      )),
                    ],
                  ),
                  close: Some(PairWiseEnd(Cursor(
                    kind: "RightParen",
                    offset: SourceOffset(188),
                    len: 1,
                  ))),
                ),
              ],
            ),
            close: Some(PairWiseEnd(Cursor(
              kind: "RightParen",
              offset: SourceOffset(189),
              len: 1,
            ))),
          ),
          Whitespace(Cursor(
            kind: "Whitespace",
            offset: SourceOffset(190),
            len: 1,
          )),
          SimpleBlock(
            open: PairWiseStart(Cursor(
              kind: "LeftCurly",
              offset: SourceOffset(191),
              len: 1,
            )),
            values: ComponentValues(
              values: [
                Whitespace(Cursor(
                  kind: "Whitespace",
                  offset: SourceOffset(192),
                  len: 3,
                )),
                Delim(Cursor(
                  kind: "Delim",
                  offset: SourceOffset(195),
                  len: 1,
                )),
                Whitespace(Cursor(
                  kind: "Whitespace",
                  offset: SourceOffset(196),
                  len: 1,
                )),
                SimpleBlock(
                  open: PairWiseStart(Cursor(
                    kind: "LeftCurly",
                    offset: SourceOffset(197),
                    len: 1,
                  )),
                  values: ComponentValues(
                    values: [
                      Whitespace(Cursor(
                        kind: "Whitespace",
                        offset: SourceOffset(198),
                        len: 1,
                      )),
                      Ident(Cursor(
                        kind: "Ident",
                        offset: SourceOffset(199),
                        len: 10,
                      )),
                      Colon(Cursor(
                        kind: "Colon",
                        offset: SourceOffset(209),
                        len: 1,
                      )),
                      Whitespace(Cursor(
                        kind: "Whitespace",
                        offset: SourceOffset(210),
                        len: 1,
                      )),
                      Ident(Cursor(
                        kind: "Ident",
                        offset: SourceOffset(211),
                        len: 3,
                      )),
                      Semicolon(Cursor(
                        kind: "Semicolon",
                        offset: SourceOffset(214),
                        len: 1,
                      )),
                    ],
                  ),
                  close: Some(PairWiseEnd(Cursor(
                    kind: "RightCurly",
                    offset: SourceOffset(216),
                    len: 1,
                  ))),
                ),
              ],
            ),
            close: Some(PairWiseEnd(Cursor(
              kind: "RightCurly",
              offset: SourceOffset(218),
              len: 1,
            ))),
          ),
          Whitespace(Cursor(
            kind: "Whitespace",
            offset: SourceOffset(219),
            len: 2,
          )),
          AtKeyword(Cursor(
            kind: "AtKeyword",
            offset: SourceOffset(221),
            len: 9,
          )),
          Whitespace(Cursor(
            kind: "Whitespace",
            offset: SourceOffset(230),
            len: 1,
          )),
          SimpleBlock(
            open: PairWiseStart(Cursor(
              kind: "LeftParen",
              offset: SourceOffset(231),
              len: 1,
            )),
            values: ComponentValues(
              values: [
                FunctionBlock(
                  name: Function(Cursor(
                    kind: "Function",
                    offset: SourceOffset(232),
                    len: 5,
                  )),
                  params: ComponentValues(
                    values: [
                      String(Cursor(
                        kind: "String",
                        offset: SourceOffset(237),
                        len: 9,
                      )),
                      Colon(Cursor(
                        kind: "Colon",
                        offset: SourceOffset(246),
                        len: 1,
                      )),
                      Whitespace(Cursor(
                        kind: "Whitespace",
                        offset: SourceOffset(247),
                        len: 1,
                      )),
                      Number(Cursor(
                        kind: "Number",
                        offset: SourceOffset(248),
                        len: 1,
                      )),
                    ],
                  ),
                  close: RightParen(Cursor(
                    kind: "RightParen",
                    offset: SourceOffset(249),
                    len: 1,
                  )),
                ),
              ],
            ),
            close: Some(PairWiseEnd(Cursor(
              kind: "RightParen",
              offset: SourceOffset(250),
              len: 1,
            ))),
          ),
          Whitespace(Cursor(
            kind: "Whitespace",
            offset: SourceOffset(251),
            len: 1,
          )),
          SimpleBlock(
            open: PairWiseStart(Cursor(
              kind: "LeftCurly",
              offset: SourceOffset(252),
              len: 1,
            )),
            values: ComponentValues(
              values: [
                Whitespace(Cursor(
                  kind: "Whitespace",
                  offset: SourceOffset(253),
                  len: 3,
                )),
                Delim(Cursor(
                  kind: "Delim",
                  offset: SourceOffset(256),
                  len: 1,
                )),
                Whitespace(Cursor(
                  kind: "Whitespace",
                  offset: SourceOffset(257),
                  len: 1,
                )),
                SimpleBlock(
                  open: PairWiseStart(Cursor(
                    kind: "LeftCurly",
                    offset: SourceOffset(258),
                    len: 1,
                  )),
                  values: ComponentValues(
                    values: [
                      Whitespace(Cursor(
                        kind: "Whitespace",
                        offset: SourceOffset(259),
                        len: 1,
                      )),
                      Ident(Cursor(
                        kind: "Ident",
                        offset: SourceOffset(260),
                        len: 10,
                      )),
                      Colon(Cursor(
                        kind: "Colon",
                        offset: SourceOffset(270),
                        len: 1,
                      )),
                      Whitespace(Cursor(
                        kind: "Whitespace",
                        offset: SourceOffset(271),
                        len: 1,
                      )),
                      Ident(Cursor(
                        kind: "Ident",
                        offset: SourceOffset(272),
                        len: 3,
                      )),
                      Semicolon(Cursor(
                        kind: "Semicolon",
                        offset: SourceOffset(275),
                        len: 1,
                      )),
                    ],
                  ),
                  close: Some(PairWiseEnd(Cursor(
                    kind: "RightCurly",
                    offset: SourceOffset(277),
                    len: 1,
                  ))),
                ),
              ],
            ),
            close: Some(PairWiseEnd(Cursor(
              kind: "RightCurly",
              offset: SourceOffset(279),
              len: 1,
            ))),
          ),
          Whitespace(Cursor(
            kind: "Whitespace",
            offset: SourceOffset(280),
            len: 2,
          )),
          AtKeyword(Cursor(
            kind: "AtKeyword",
            offset: SourceOffset(282),
            len: 9,
          )),
          Whitespace(Cursor(
            kind: "Whitespace",
            offset: SourceOffset(291),
            len: 1,
          )),
          SimpleBlock(
            open: PairWiseStart(Cursor(
              kind: "LeftParen",
              offset: SourceOffset(292),
              len: 1,
            )),
            values: ComponentValues(
              values: [
                Ident(Cursor(
                  kind: "Ident",
                  offset: SourceOffset(293),
                  len: 5,
                )),
              ],
            ),
            close: Some(PairWiseEnd(Cursor(
              kind: "RightParen",
              offset: SourceOffset(298),
              len: 1,
            ))),
          ),
          Whitespace(Cursor(
            kind: "Whitespace",
            offset: SourceOffset(299),
            len: 1,
          )),
          SimpleBlock(
            open: PairWiseStart(Cursor(
              kind: "LeftCurly",
              offset: SourceOffset(300),
              len: 1,
            )),
            values: ComponentValues(
              values: [
                Whitespace(Cursor(
                  kind: "Whitespace",
                  offset: SourceOffset(301),
                  len: 3,
                )),
                Delim(Cursor(
                  kind: "Delim",
                  offset: SourceOffset(304),
                  len: 1,
                )),
                Whitespace(Cursor(
                  kind: "Whitespace",
                  offset: SourceOffset(305),
                  len: 1,
                )),
                SimpleBlock(
                  open: PairWiseStart(Cursor(
                    kind: "LeftCurly",
                    offset: SourceOffset(306),
                    len: 1,
                  )),
                  values: ComponentValues(
                    values: [
                      Whitespace(Cursor(
                        kind: "Whitespace",
                        offset: SourceOffset(307),
                        len: 1,
                      )),
                      Ident(Cursor(
                        kind: "Ident",
                        offset: SourceOffset(308),
                        len: 10,
                      )),
                      Colon(Cursor(
                        kind: "Colon",
                        offset: SourceOffset(318),
                        len: 1,
                      )),
                      Whitespace(Cursor(
                        kind: "Whitespace",
                        offset: SourceOffset(319),
                        len: 1,
                      )),
                      Ident(Cursor(
                        kind: "Ident",
                        offset: SourceOffset(320),
                        len: 3,
                      )),
                      Semicolon(Cursor(
                        kind: "Semicolon",
                        offset: SourceOffset(323),
                        len: 1,
                      )),
                    ],
                  ),
                  close: Some(PairWiseEnd(Cursor(
                    kind: "RightCurly",
                    offset: SourceOffset(325),
                    len: 1,
                  ))),
                ),
              ],
            ),
            close: Some(PairWiseEnd(Cursor(
              kind: "RightCurly",
              offset: SourceOffset(327),
              len: 1,
            ))),
          ),
          Whitespace(Cursor(
            kind: "Whitespace",
            offset: SourceOffset(328),
            len: 2,
          )),
          AtKeyword(Cursor(
            kind: "AtKeyword",
            offset: SourceOffset(330),
            len: 9,
          )),
          Whitespace(Cursor(
            kind: "Whitespace",
            offset: SourceOffset(339),
            len: 1,
          )),
          SimpleBlock(
            open: PairWiseStart(Cursor(
              kind: "LeftParen",
              offset: SourceOffset(340),
              len: 1,
            )),
            values: ComponentValues(
              values: [
                SimpleBlock(
                  open: PairWiseStart(Cursor(
                    kind: "LeftSquare",
                    offset: SourceOffset(341),
                    len: 1,
                  )),
                  values: ComponentValues(
                    values: [],
                  ),
                  close: Some(PairWiseEnd(Cursor(
                    kind: "RightSquare",
                    offset: SourceOffset(342),
                    len: 1,
                  ))),
                ),
              ],
            ),
            close: Some(PairWiseEnd(Cursor(
              kind: "RightParen",
              offset: SourceOffset(343),
              len: 1,
            ))),
          ),
          Whitespace(Cursor(
            kind: "Whitespace",
            offset: SourceOffset(344),
            len: 1,
          )),
          SimpleBlock(
            open: PairWiseStart(Cursor(
              kind: "LeftCurly",
              offset: SourceOffset(345),
              len: 1,
            )),
            values: ComponentValues(
              values: [
                Whitespace(Cursor(
                  kind: "Whitespace",
                  offset: SourceOffset(346),
                  len: 3,
                )),
                Delim(Cursor(
                  kind: "Delim",
                  offset: SourceOffset(349),
                  len: 1,
                )),
                Whitespace(Cursor(
                  kind: "Whitespace",
                  offset: SourceOffset(350),
                  len: 1,
                )),
                SimpleBlock(
                  open: PairWiseStart(Cursor(
                    kind: "LeftCurly",
                    offset: SourceOffset(351),
                    len: 1,
                  )),
                  values: ComponentValues(
                    values: [
                      Whitespace(Cursor(
                        kind: "Whitespace",
                        offset: SourceOffset(352),
                        len: 1,
                      )),
                      Ident(Cursor(
                        kind: "Ident",
                        offset: SourceOffset(353),
                        len: 10,
                      )),
                      Colon(Cursor(
                        kind: "Colon",
                        offset: SourceOffset(363),
                        len: 1,
                      )),
                      Whitespace(Cursor(
                        kind: "Whitespace",
                        offset: SourceOffset(364),
                        len: 1,
                      )),
                      Ident(Cursor(
                        kind: "Ident",
                        offset: SourceOffset(365),
                        len: 3,
                      )),
                      Semicolon(Cursor(
                        kind: "Semicolon",
                        offset: SourceOffset(368),
                        len: 1,
                      )),
                    ],
                  ),
                  close: Some(PairWiseEnd(Cursor(
                    kind: "RightCurly",
                    offset: SourceOffset(370),
                    len: 1,
                  ))),
                ),
              ],
            ),
            close: Some(PairWiseEnd(Cursor(
              kind: "RightCurly",
              offset: SourceOffset(372),
              len: 1,
            ))),
          ),
          Whitespace(Cursor(
            kind: "Whitespace",
            offset: SourceOffset(373),
            len: 2,
          )),
          AtKeyword(Cursor(
            kind: "AtKeyword",
            offset: SourceOffset(375),
            len: 9,
          )),
          Whitespace(Cursor(
            kind: "Whitespace",
            offset: SourceOffset(384),
            len: 1,
          )),
          SimpleBlock(
            open: PairWiseStart(Cursor(
              kind: "LeftParen",
              offset: SourceOffset(385),
              len: 1,
            )),
            values: ComponentValues(
              values: [
                SimpleBlock(
                  open: PairWiseStart(Cursor(
                    kind: "LeftSquare",
                    offset: SourceOffset(386),
                    len: 1,
                  )),
                  values: ComponentValues(
                    values: [
                      Ident(Cursor(
                        kind: "Ident",
                        offset: SourceOffset(387),
                        len: 5,
                      )),
                      Colon(Cursor(
                        kind: "Colon",
                        offset: SourceOffset(392),
                        len: 1,
                      )),
                      Whitespace(Cursor(
                        kind: "Whitespace",
                        offset: SourceOffset(393),
                        len: 1,
                      )),
                      Ident(Cursor(
                        kind: "Ident",
                        offset: SourceOffset(394),
                        len: 3,
                      )),
                    ],
                  ),
                  close: Some(PairWiseEnd(Cursor(
                    kind: "RightSquare",
                    offset: SourceOffset(397),
                    len: 1,
                  ))),
                ),
              ],
            ),
            close: Some(PairWiseEnd(Cursor(
              kind: "RightParen",
              offset: SourceOffset(398),
              len: 1,
            ))),
          ),
          Whitespace(Cursor(
            kind: "Whitespace",
            offset: SourceOffset(399),
            len: 1,
          )),
          SimpleBlock(
            open: PairWiseStart(Cursor(
              kind: "LeftCurly",
              offset: SourceOffset(400),
              len: 1,
            )),
            values: ComponentValues(
              values: [
                Whitespace(Cursor(
                  kind: "Whitespace",
                  offset: SourceOffset(401),
                  len: 3,
                )),
                Delim(Cursor(
                  kind: "Delim",
                  offset: SourceOffset(404),
                  len: 1,
                )),
                Whitespace(Cursor(
                  kind: "Whitespace",
                  offset: SourceOffset(405),
                  len: 1,
                )),
                SimpleBlock(
                  open: PairWiseStart(Cursor(
                    kind: "LeftCurly",
                    offset: SourceOffset(406),
                    len: 1,
                  )),
                  values: ComponentValues(
                    values: [
                      Whitespace(Cursor(
                        kind: "Whitespace",
                        offset: SourceOffset(407),
                        len: 1,
                      )),
                      Ident(Cursor(
                        kind: "Ident",
                        offset: SourceOffset(408),
                        len: 10,
                      )),
                      Colon(Cursor(
                        kind: "Colon",
                        offset: SourceOffset(418),
                        len: 1,
                      )),
                      Whitespace(Cursor(
                        kind: "Whitespace",
                        offset: SourceOffset(419),
                        len: 1,
                      )),
                      Ident(Cursor(
                        kind: "Ident",
                        offset: SourceOffset(420),
                        len: 3,
                      )),
                      Semicolon(Cursor(
                        kind: "Semicolon",
                        offset: SourceOffset(423),
                        len: 1,
                      )),
                    ],
                  ),
                  close: Some(PairWiseEnd(Cursor(
                    kind: "RightCurly",
                    offset: SourceOffset(425),
                    len: 1,
                  ))),
                ),
              ],
            ),
            close: Some(PairWiseEnd(Cursor(
              kind: "RightCurly",
              offset: SourceOffset(427),
              len: 1,
            ))),
          ),
          Whitespace(Cursor(
            kind: "Whitespace",
            offset: SourceOffset(428),
            len: 2,
          )),
          AtKeyword(Cursor(
            kind: "AtKeyword",
            offset: SourceOffset(430),
            len: 9,
          )),
          Whitespace(Cursor(
            kind: "Whitespace",
            offset: SourceOffset(439),
            len: 1,
          )),
          SimpleBlock(
            open: PairWiseStart(Cursor(
              kind: "LeftParen",
              offset: SourceOffset(440),
              len: 1,
            )),
            values: ComponentValues(
              values: [
                SimpleBlock(
                  open: PairWiseStart(Cursor(
                    kind: "LeftSquare",
                    offset: SourceOffset(441),
                    len: 1,
                  )),
                  values: ComponentValues(
                    values: [
                      SimpleBlock(
                        open: PairWiseStart(Cursor(
                          kind: "LeftSquare",
                          offset: SourceOffset(442),
                          len: 1,
                        )),
                        values: ComponentValues(
                          values: [
                            SimpleBlock(
                              open: PairWiseStart(Cursor(
                                kind: "LeftSquare",
                                offset: SourceOffset(443),
                                len: 1,
                              )),
                              values: ComponentValues(
                                values: [
                                  SimpleBlock(
                                    open: PairWiseStart(Cursor(
                                      kind: "LeftSquare",
                                      offset: SourceOffset(444),
                                      len: 1,
                                    )),
                                    values: ComponentValues(
                                      values: [
                                        SimpleBlock(
                                          open: PairWiseStart(Cursor(
                                            kind: "LeftSquare",
                                            offset: SourceOffset(445),
                                            len: 1,
                                          )),
                                          values: ComponentValues(
                                            values: [
                                              SimpleBlock(
                                                open: PairWiseStart(Cursor(
                                                  kind: "LeftCurly",
                                                  offset: SourceOffset(446),
                                                  len: 1,
                                                )),
                                                values: ComponentValues(
                                                  values: [
                                                    Whitespace(Cursor(
                                                      kind: "Whitespace",
                                                      offset: SourceOffset(447),
                                                      len: 1,
                                                    )),
                                                    FunctionBlock(
                                                      name: Function(Cursor(
                                                        kind: "Function",
                                                        offset: SourceOffset(448),
                                                        len: 7,
                                                      )),
                                                      params: ComponentValues(
                                                        values: [
                                                          Ident(Cursor(
                                                            kind: "Ident",
                                                            offset: SourceOffset(455),
                                                            len: 5,
                                                          )),
                                                          Colon(Cursor(
                                                            kind: "Colon",
                                                            offset: SourceOffset(460),
                                                            len: 1,
                                                          )),
                                                          Whitespace(Cursor(
                                                            kind: "Whitespace",
                                                            offset: SourceOffset(461),
                                                            len: 1,
                                                          )),
                                                          SimpleBlock(
                                                            open: PairWiseStart(Cursor(
                                                              kind: "LeftCurly",
                                                              offset: SourceOffset(462),
                                                              len: 1,
                                                            )),
                                                            values: ComponentValues(
                                                              values: [
                                                                Whitespace(Cursor(
                                                                  kind: "Whitespace",
                                                                  offset: SourceOffset(463),
                                                                  len: 1,
                                                                )),
                                                                Ident(Cursor(
                                                                  kind: "Ident",
                                                                  offset: SourceOffset(464),
                                                                  len: 3,
                                                                )),
                                                              ],
                                                            ),
                                                            close: Some(PairWiseEnd(Cursor(
                                                              kind: "RightCurly",
                                                              offset: SourceOffset(468),
                                                              len: 1,
                                                            ))),
                                                          ),
                                                        ],
                                                      ),
                                                      close: RightParen(Cursor(
                                                        kind: "RightParen",
                                                        offset: SourceOffset(469),
                                                        len: 1,
                                                      )),
                                                    ),
                                                  ],
                                                ),
                                                close: Some(PairWiseEnd(Cursor(
                                                  kind: "RightCurly",
                                                  offset: SourceOffset(471),
                                                  len: 1,
                                                ))),
                                              ),
                                            ],
                                          ),
                                          close: Some(PairWiseEnd(Cursor(
                                            kind: "RightSquare",
                                            offset: SourceOffset(472),
                                            len: 1,
                                          ))),
                                        ),
                                      ],
                                    ),
                                    close: Some(PairWiseEnd(Cursor(
                                      kind: "RightSquare",
                                      offset: SourceOffset(473),
                                      len: 1,
                                    ))),
                                  ),
                                ],
                              ),
                              close: Some(PairWiseEnd(Cursor(
                                kind: "RightSquare",
                                offset: SourceOffset(474),
                                len: 1,
                              ))),
                            ),
                          ],
                        ),
                        close: Some(PairWiseEnd(Cursor(
                          kind: "RightSquare",
                          offset: SourceOffset(475),
                          len: 1,
                        ))),
                      ),
                    ],
                  ),
                  close: Some(PairWiseEnd(Cursor(
                    kind: "RightSquare",
                    offset: SourceOffset(476),
                    len: 1,
                  ))),
                ),
              ],
            ),
            close: Some(PairWiseEnd(Cursor(
              kind: "RightParen",
              offset: SourceOffset(477),
              len: 1,
            ))),
          ),
          Whitespace(Cursor(
            kind: "Whitespace",
            offset: SourceOffset(478),
            len: 1,
          )),
          SimpleBlock(
            open: PairWiseStart(Cursor(
              kind: "LeftCurly",
              offset: SourceOffset(479),
              len: 1,
            )),
            values: ComponentValues(
              values: [
                Whitespace(Cursor(
                  kind: "Whitespace",
                  offset: SourceOffset(480),
                  len: 3,
                )),
                Delim(Cursor(
                  kind: "Delim",
                  offset: SourceOffset(483),
                  len: 1,
                )),
                Whitespace(Cursor(
                  kind: "Whitespace",
                  offset: SourceOffset(484),
                  len: 1,
                )),
                SimpleBlock(
                  open: PairWiseStart(Cursor(
                    kind: "LeftCurly",
                    offset: SourceOffset(485),
                    len: 1,
                  )),
                  values: ComponentValues(
                    values: [
                      Whitespace(Cursor(
                        kind: "Whitespace",
                        offset: SourceOffset(486),
                        len: 1,
                      )),
                      Ident(Cursor(
                        kind: "Ident",
                        offset: SourceOffset(487),
                        len: 10,
                      )),
                      Colon(Cursor(
                        kind: "Colon",
                        offset: SourceOffset(497),
                        len: 1,
                      )),
                      Whitespace(Cursor(
                        kind: "Whitespace",
                        offset: SourceOffset(498),
                        len: 1,
                      )),
                      Ident(Cursor(
                        kind: "Ident",
                        offset: SourceOffset(499),
                        len: 3,
                      )),
                      Semicolon(Cursor(
                        kind: "Semicolon",
                        offset: SourceOffset(502),
                        len: 1,
                      )),
                    ],
                  ),
                  close: Some(PairWiseEnd(Cursor(
                    kind: "RightCurly",
                    offset: SourceOffset(504),
                    len: 1,
                  ))),
                ),
              ],
            ),
            close: Some(PairWiseEnd(Cursor(
              kind: "RightCurly",
              offset: SourceOffset(506),
              len: 1,
            ))),
          ),
        ],
      ),
      block: ComponentValues(
        values: [],
      ),
    ),
  ],
)
