---
source: crates/css_ast/tests/postcss_snapshots.rs
expression: result.output.unwrap()
---
StyleSheet(
  rules: [
    StyleRule(QualifiedRule(
      prelude: SelectorList([
        (CompoundSelector([
          PseudoClass(Fullscreen(Colon(Cursor(
            kind: "Colon",
            offset: SourceOffset(0),
            len: 1,
          )), Ident(Cursor(
            kind: "Ident",
            offset: SourceOffset(1),
            len: 10,
          )))),
        ]), None),
      ]),
      block: Block(
        open_curly: LeftCurly(Cursor(
          kind: "LeftCurly",
          offset: SourceOffset(12),
          len: 1,
        )),
        declarations: [],
        rules: [],
        close_curly: Some(RightCurly(Cursor(
          kind: "RightCurly",
          offset: SourceOffset(13),
          len: 1,
        ))),
      ),
    )),
  ],
)
