---
source: crates/csskit_source_finder/src/lib.rs
expression: "matches.iter().map(|node|\nnode.input.to_token_stream().to_string()).sorted().collect::<Vec<_>>()"
---
[
  "pub enum AbsoluteSize { }",
  "pub enum AlignContentStyleValue { }",
  "pub enum AlignSelfStyleValue { }",
  "pub enum AlignmentBaselineStyleValue { }",
  "pub enum AllStyleValue { }",
  "pub enum AnchorScopeStyleValue < \'a > { }",
  "pub enum Angle { }",
  "pub enum AngleOrNumber { }",
  "pub enum AngleOrZero { }",
  "pub enum AnimateableFeature { }",
  "pub enum AnimationAction { }",
  "pub enum AnyHoverMediaFeature { }",
  "pub enum AnyHoverMediaFeatureKeyword { }",
  "pub enum AnyPointerMediaFeature { }",
  "pub enum AppearanceStyleValue { }",
  "pub enum AspectRatioContainerFeature { }",
  "pub enum Attachment { }",
  "pub enum AttributeModifier { }",
  "pub enum AttributeOperator { }",
  "pub enum AttributeValue { }",
  "pub enum AutoNoneOr < T > { }",
  "pub enum AutoOr < T > { }",
  "pub enum BackfaceVisibilityStyleValue { }",
  "pub enum BaselinePosition { }",
  "pub enum BaselineShiftStyleValue { }",
  "pub enum BaselineSourceStyleValue { }",
  "pub enum BgClip { }",
  "pub enum BgSize { }",
  "pub enum BlendMode { }",
  "pub enum BlockEllipsisStyleValue { }",
  "pub enum BlockSizeContainerFeature { }",
  "pub enum BlockStepAlignStyleValue { }",
  "pub enum BlockStepInsertStyleValue { }",
  "pub enum BlockStepRoundStyleValue { }",
  "pub enum BookmarkStateStyleValue { }",
  "pub enum BorderBlockEndColorStyleValue < \'a > { }",
  "pub enum BorderBlockStartColorStyleValue < \'a > { }",
  "pub enum BorderBottomColorStyleValue < \'a > { }",
  "pub enum BorderBoundaryStyleValue { }",
  "pub enum BorderCollapseStyleValue { }",
  "pub enum BorderInlineEndColorStyleValue < \'a > { }",
  "pub enum BorderInlineStartColorStyleValue < \'a > { }",
  "pub enum BorderLeftColorStyleValue < \'a > { }",
  "pub enum BorderRightColorStyleValue < \'a > { }",
  "pub enum BorderTopColorStyleValue < \'a > { }",
  "pub enum BoxDecorationBreakStyleValue { }",
  "pub enum BoxSizingStyleValue { }",
  "pub enum BoxSnapStyleValue { }",
  "pub enum BreakAfterStyleValue { }",
  "pub enum BreakBeforeStyleValue { }",
  "pub enum BreakInsideStyleValue { }",
  "pub enum CaptionSideStyleValue { }",
  "pub enum CaretAnimationStyleValue { }",
  "pub enum CaretShapeStyleValue { }",
  "pub enum ClearStyleValue { }",
  "pub enum ClipRuleStyleValue { }",
  "pub enum Color { }",
  "pub enum ColorFunction { }",
  "pub enum ColorGamutMediaFeature { }",
  "pub enum ColorGamutMediaFeatureKeyword { }",
  "pub enum ColorIndexMediaFeature { }",
  "pub enum ColorInterpolationFiltersStyleValue { }",
  "pub enum ColorMediaFeature { }",
  "pub enum ColorSpace { }",
  "pub enum ColumnFillStyleValue { }",
  "pub enum ColumnRuleBreakStyleValue { }",
  "pub enum ColumnRuleColorStyleValue { }",
  "pub enum ColumnRuleStyleStyleValue { }",
  "pub enum ColumnRuleStyleValue { }",
  "pub enum ColumnRuleVisibilityItemsStyleValue { }",
  "pub enum ColumnRuleWidthStyleValue < \'a > { }",
  "pub enum ColumnSpanStyleValue { }",
  "pub enum ColumnWrapStyleValue { }",
  "pub enum Combinator { }",
  "pub enum CompatAuto { }",
  "pub enum CompatSpecial { }",
  "pub enum ContainerFeature < \'a > { }",
  "pub enum ContainerQuery < \'a > { }",
  "pub enum ContentDistribution { }",
  "pub enum ContentKeyword { }",
  "pub enum ContentListItem < \'a > { }",
  "pub enum ContentPosition { }",
  "pub enum ContentVisibilityStyleValue { }",
  "pub enum ContinueStyleValue { }",
  "pub enum CoordBox { }",
  "pub enum CornerShapeValue { }",
  "pub enum Counter < \'a > { }",
  "pub enum CounterStyle < \'a > { }",
  "pub enum CounterStyleRuleStyleValue < \'a > { }",
  "pub enum CursorImage < \'a > { }",
  "pub enum CursorPredefined { }",
  "pub enum DeviceHeightMediaFeature { }",
  "pub enum DeviceWidthMediaFeature { }",
  "pub enum DirValue { }",
  "pub enum DirectionStyleValue { }",
  "pub enum DisplayBox { }",
  "pub enum DisplayInside { }",
  "pub enum DisplayInternal { }",
  "pub enum DisplayLegacy { }",
  "pub enum DisplayListitemInside { }",
  "pub enum DisplayModeMediaFeature { }",
  "pub enum DisplayModeMediaFeatureKeyword { }",
  "pub enum DisplayOutside { }",
  "pub enum DisplayStyleValue { }",
  "pub enum DocumentMatcher { }",
  "pub enum DominantBaselineStyleValue { }",
  "pub enum DynamicRangeLimitStyleValue < \'a > { }",
  "pub enum DynamicRangeMediaFeature { }",
  "pub enum DynamicRangeMediaFeatureKeyword { }",
  "pub enum EasingFunction < \'a > { }",
  "pub enum EmptyCellsStyleValue { }",
  "pub enum EnvironmentBlendingMediaFeature { }",
  "pub enum EnvironmentBlendingMediaFeatureKeyword { }",
  "pub enum EventTriggerEvent { }",
  "pub enum FamilyName < \'a > { }",
  "pub enum FeatureTagToggle { }",
  "pub enum FieldSizingStyleValue { }",
  "pub enum FillBreakStyleValue { }",
  "pub enum FillOriginStyleValue { }",
  "pub enum FillRuleStyleValue { }",
  "pub enum FlexBasisStyleValue { }",
  "pub enum FlexDirectionStyleValue { }",
  "pub enum FlexWrapStyleValue { }",
  "pub enum FloatDeferStyleValue { }",
  "pub enum FloatReferenceStyleValue { }",
  "pub enum FloatStyleValue { }",
  "pub enum FlowToleranceStyleValue { }",
  "pub enum FontKerningStyleValue { }",
  "pub enum FontOpticalSizingStyleValue { }",
  "pub enum FontSizeStyleValue { }",
  "pub enum FontStyleStyleValue { }",
  "pub enum FontSynthesisPositionStyleValue { }",
  "pub enum FontSynthesisSmallCapsStyleValue { }",
  "pub enum FontSynthesisStyleStyleValue { }",
  "pub enum FontSynthesisWeightStyleValue { }",
  "pub enum FontVariantCapsStyleValue { }",
  "pub enum FontVariantEmojiStyleValue { }",
  "pub enum FontVariantPositionStyleValue { }",
  "pub enum FontWeightAbsolute { }",
  "pub enum FontWeightStyleValue { }",
  "pub enum FontWidthStyleValue { }",
  "pub enum FootnoteDisplayStyleValue { }",
  "pub enum FootnotePolicyStyleValue { }",
  "pub enum ForcedColorAdjustStyleValue { }",
  "pub enum ForcedColorsMediaFeature { }",
  "pub enum ForcedColorsMediaFeatureKeyword { }",
  "pub enum FunctionalPseudoClass < \'a > { }",
  "pub enum FunctionalPseudoElement < \'a > { }",
  "pub enum GenericFamily { }",
  "pub enum GlyphOrientationVerticalStyleValue { }",
  "pub enum Gradient < \'a > { }",
  "pub enum GridLine { }",
  "pub enum GridMediaFeature { }",
  "pub enum HeightContainerFeature { }",
  "pub enum HeightMediaFeature { }",
  "pub enum HeightStyleValue { }",
  "pub enum HorizontalViewportSegmentsMediaFeature { }",
  "pub enum HoverMediaFeature { }",
  "pub enum HoverMediaFeatureKeyword { }",
  "pub enum HtmlNonConformingTag { }",
  "pub enum HtmlNonStandardTag { }",
  "pub enum HtmlTag { }",
  "pub enum HyphenateLimitLastStyleValue { }",
  "pub enum HyphenateLimitLinesStyleValue { }",
  "pub enum HyphensStyleValue { }",
  "pub enum Image < \'a > { }",
  "pub enum ImageAnimationStyleValue { }",
  "pub enum ImageRenderingStyleValue { }",
  "pub enum ImportLayer < \'a > { }",
  "pub enum InheritsValue { }",
  "pub enum InitialLetterWrapStyleValue { }",
  "pub enum InlineSizeContainerFeature { }",
  "pub enum InlineSizingStyleValue { }",
  "pub enum InputSecurityStyleValue { }",
  "pub enum InteractivityStyleValue { }",
  "pub enum InterpolateSizeStyleValue { }",
  "pub enum InvertedColorsMediaFeature { }",
  "pub enum InvertedColorsMediaFeatureKeyword { }",
  "pub enum IsolationMode { }",
  "pub enum ItemDirectionStyleValue { }",
  "pub enum ItemTrackStyleValue { }",
  "pub enum KeyframeSelector { }",
  "pub enum KeyframesName { }",
  "pub enum LayoutBox { }",
  "pub enum LegacyPseudoElement { }",
  "pub enum Length { }",
  "pub enum LengthPercentage { }",
  "pub enum LengthPercentageOrFlex { }",
  "pub enum LineBreakStyleValue { }",
  "pub enum LineFitEdgeStyleValue { }",
  "pub enum LineGridStyleValue { }",
  "pub enum LineHeightStyleValue { }",
  "pub enum LineSnapStyleValue { }",
  "pub enum LineStyle { }",
  "pub enum LineWidth { }",
  "pub enum LineWidthOrRepeat < \'a > { }",
  "pub enum ListStylePositionStyleValue { }",
  "pub enum ListStyleTypeStyleValue < \'a > { }",
  "pub enum MarginBreakStyleValue { }",
  "pub enum MarginRule < \'a > { }",
  "pub enum MarkerSideStyleValue { }",
  "pub enum MaskBorderModeStyleValue { }",
  "pub enum MaskTypeStyleValue { }",
  "pub enum MathmlTag { }",
  "pub enum MaxHeightStyleValue { }",
  "pub enum MaxWidthStyleValue { }",
  "pub enum MediaCondition < \'a > { }",
  "pub enum MediaFeature { }",
  "pub enum MediaPreCondition { }",
  "pub enum MediaType { }",
  "pub enum MinHeightStyleValue { }",
  "pub enum MinWidthStyleValue { }",
  "pub enum MixBlendModeStyleValue { }",
  "pub enum MonochromeMediaFeature { }",
  "pub enum MozDeviceOrientationMediaFeature { }",
  "pub enum MozDevicePixelRatioMediaFeature { }",
  "pub enum MozFunctionalPseudoClass { }",
  "pub enum MozFunctionalPseudoElement < \'a > { }",
  "pub enum MozFunctionalPseudoElementKeyword { }",
  "pub enum MozImagesInMenusMediaFeature { }",
  "pub enum MozMacGraphiteThemeMediaFeature { }",
  "pub enum MozMaemoClassicMediaFeature { }",
  "pub enum MozOsVersionMediaFeature { }",
  "pub enum MozPseudoClass { }",
  "pub enum MozPseudoElement { }",
  "pub enum MozTouchEnabledMediaFeature { }",
  "pub enum MsColumnCountMediaFeature { }",
  "pub enum MsDevicePixelRatioMediaFeature { }",
  "pub enum MsHighContrastMediaFeature { }",
  "pub enum MsImeAlignMediaFeature { }",
  "pub enum MsPseudoClass { }",
  "pub enum MsPseudoElement { }",
  "pub enum MsViewStateMediaFeature { }",
  "pub enum NamedColor { }",
  "pub enum NamedDirection { }",
  "pub enum NavControlsMediaFeature { }",
  "pub enum NavControlsMediaFeatureKeyword { }",
  "pub enum NestedGroupRule < \'a > { }",
  "pub enum NoneOr < T > { }",
  "pub enum NormalOr < T > { }",
  "pub enum Nth { }",
  "pub enum NumberLength { }",
  "pub enum NumberPercentage { }",
  "pub enum ODevicePixelRatioMediaFeature { }",
  "pub enum OPseudoClass { }",
  "pub enum OPseudoElement { }",
  "pub enum OffsetPositionStyleValue { }",
  "pub enum OpacityValue { }",
  "pub enum OrientationContainerFeature { }",
  "pub enum OrientationContainerFeatureKeyword { }",
  "pub enum OrientationMediaFeature { }",
  "pub enum OrientationMediaFeatureKeyword { }",
  "pub enum OutlineLineStyle { }",
  "pub enum OverflowAnchorStyleValue { }",
  "pub enum OverflowBlockMediaFeature { }",
  "pub enum OverflowBlockMediaFeatureKeyword { }",
  "pub enum OverflowBlockStyleValue { }",
  "pub enum OverflowInlineMediaFeature { }",
  "pub enum OverflowInlineMediaFeatureKeyword { }",
  "pub enum OverflowInlineStyleValue { }",
  "pub enum OverflowPosition { }",
  "pub enum OverflowWrapStyleValue { }",
  "pub enum OverflowXStyleValue { }",
  "pub enum OverflowYStyleValue { }",
  "pub enum OverlayStyleValue { }",
  "pub enum OverscrollBehaviorBlockStyleValue { }",
  "pub enum OverscrollBehaviorInlineStyleValue { }",
  "pub enum OverscrollBehaviorXStyleValue { }",
  "pub enum OverscrollBehaviorYStyleValue { }",
  "pub enum PaintBox { }",
  "pub enum PauseAfterStyleValue { }",
  "pub enum PauseBeforeStyleValue { }",
  "pub enum PointerEventsStyleValue { }",
  "pub enum PointerMediaFeature { }",
  "pub enum PointerMediaFeatureKeyword { }",
  "pub enum Position { }",
  "pub enum PositionAnchorStyleValue { }",
  "pub enum PositionArea { }",
  "pub enum PositionHorizontalKeyword { }",
  "pub enum PositionStyleValue { }",
  "pub enum PositionVerticalKeyword { }",
  "pub enum PrefersColorSchemeMediaFeature { }",
  "pub enum PrefersColorSchemeMediaFeatureKeyword { }",
  "pub enum PrefersContrastMediaFeature { }",
  "pub enum PrefersReducedDataMediaFeature { }",
  "pub enum PrefersReducedMotionMediaFeature { }",
  "pub enum PrefersReducedMotionMediaFeatureKeyword { }",
  "pub enum PrefersReducedTransparencyMediaFeature { }",
  "pub enum PrefersReducedTransparencyMediaFeatureKeyword { }",
  "pub enum PrintColorAdjustStyleValue { }",
  "pub enum PropertyRuleStyleValue < \'a > { }",
  "pub enum PseudoClass { }",
  "pub enum PseudoElement { }",
  "pub enum PtNameAndClassSelector < \'a > { }",
  "pub enum Quote { }",
  "pub enum RadialExtent { }",
  "pub enum RadialShape { }",
  "pub enum ReadingFlowStyleValue { }",
  "pub enum RegionFragmentStyleValue { }",
  "pub enum RelativeSize { }",
  "pub enum RepeatStyle { }",
  "pub enum Repetition { }",
  "pub enum ResizeStyleValue { }",
  "pub enum RestAfterStyleValue { }",
  "pub enum RestBeforeStyleValue { }",
  "pub enum RowRuleBreakStyleValue { }",
  "pub enum RowRuleColorStyleValue { }",
  "pub enum RowRuleStyleStyleValue { }",
  "pub enum RowRuleStyleValue { }",
  "pub enum RowRuleVisibilityItemsStyleValue { }",
  "pub enum RowRuleWidthStyleValue < \'a > { }",
  "pub enum RubyAlignStyleValue { }",
  "pub enum RubyMergeStyleValue { }",
  "pub enum RubyOverhangStyleValue { }",
  "pub enum Rule < \'a > { }",
  "pub enum RuleOverlapStyleValue { }",
  "pub enum ScanMediaFeature { }",
  "pub enum ScanMediaFeatureKeyword { }",
  "pub enum ScriptingMediaFeature { }",
  "pub enum ScriptingMediaFeatureKeyword { }",
  "pub enum ScrollBehaviorStyleValue { }",
  "pub enum ScrollInitialTargetStyleValue { }",
  "pub enum ScrollMarkerGroupStyleValue { }",
  "pub enum ScrollSnapStopStyleValue { }",
  "pub enum ScrollStateFeature { }",
  "pub enum ScrollStateQuery < \'a > { }",
  "pub enum ScrollTargetGroupStyleValue { }",
  "pub enum ScrollableScrollStateFeatureKeyword { }",
  "pub enum ScrollbarWidthStyleValue { }",
  "pub enum SelectorComponent < \'a > { }",
  "pub enum SelfPosition { }",
  "pub enum SingleAnimationComposition { }",
  "pub enum SingleAnimationDirection { }",
  "pub enum SingleAnimationFillMode { }",
  "pub enum SingleAnimationIterationCount { }",
  "pub enum SingleAnimationPlayState { }",
  "pub enum SingleAnimationTimeline { }",
  "pub enum SingleAnimationTriggerBehavior { }",
  "pub enum SingleAnimationTriggerType { }",
  "pub enum SingleTransitionProperty { }",
  "pub enum SliderOrientationStyleValue { }",
  "pub enum SnapBlockKeyword { }",
  "pub enum SnapInlineKeyword { }",
  "pub enum SnappedScrollStateFeatureKeyword { }",
  "pub enum SpacingTrim { }",
  "pub enum SpatialNavigationActionStyleValue { }",
  "pub enum SpatialNavigationContainStyleValue { }",
  "pub enum SpatialNavigationFunctionStyleValue { }",
  "pub enum SpeakAsStyleValue { }",
  "pub enum SpeakStyleValue { }",
  "pub enum StringOrUrl { }",
  "pub enum StrokeAlignStyleValue { }",
  "pub enum StrokeBreakStyleValue { }",
  "pub enum StrokeLinecapStyleValue { }",
  "pub enum StrokeOriginStyleValue { }",
  "pub enum StuckScrollStateFeatureKeyword { }",
  "pub enum StyleFeature < \'a > { }",
  "pub enum StyleQuery < \'a > { }",
  "pub enum StyleValue < \'a > { }",
  "pub enum SupportsCondition < \'a > { }",
  "pub enum SupportsFeature < \'a > { }",
  "pub enum SvgTag { }",
  "pub enum Symbol < \'a > { }",
  "pub enum SymbolsType { }",
  "pub enum SystemColor { }",
  "pub enum SystemStyleValue { }",
  "pub enum TableLayoutStyleValue { }",
  "pub enum Tag { }",
  "pub enum Target < \'a > { }",
  "pub enum TextAlignAllStyleValue { }",
  "pub enum TextAlignLastStyleValue { }",
  "pub enum TextAlignStyleValue { }",
  "pub enum TextAutospaceStyleValue { }",
  "pub enum TextBoxTrimStyleValue { }",
  "pub enum TextCombineUprightStyleValue { }",
  "pub enum TextDecorationSkipBoxStyleValue { }",
  "pub enum TextDecorationSkipInkStyleValue { }",
  "pub enum TextDecorationSkipStyleValue { }",
  "pub enum TextDecorationStyleStyleValue { }",
  "pub enum TextDecorationThicknessStyleValue { }",
  "pub enum TextFunctionContent { }",
  "pub enum TextGroupAlignStyleValue { }",
  "pub enum TextOrientationStyleValue { }",
  "pub enum TextWrapModeStyleValue { }",
  "pub enum TextWrapStyleStyleValue { }",
  "pub enum Time { }",
  "pub enum TimelineScopeStyleValue < \'a > { }",
  "pub enum Todo { }",
  "pub enum TransformBoxStyleValue { }",
  "pub enum TransformFunction { }",
  "pub enum TransformStyleStyleValue { }",
  "pub enum TransitionBehaviorValue { }",
  "pub enum TriggerScopeStyleValue < \'a > { }",
  "pub enum TrySize { }",
  "pub enum UnicodeBidiStyleValue { }",
  "pub enum Url { }",
  "pub enum UrlOrString { }",
  "pub enum UserSelectStyleValue { }",
  "pub enum VerticalViewportSegmentsMediaFeature { }",
  "pub enum VideoColorGamutMediaFeature { }",
  "pub enum VideoColorGamutMediaFeatureKeyword { }",
  "pub enum VideoDynamicRangeMediaFeature { }",
  "pub enum VideoDynamicRangeMediaFeatureKeyword { }",
  "pub enum ViewTransitionGroupStyleValue { }",
  "pub enum ViewTransitionScopeStyleValue { }",
  "pub enum VisibilityStyleValue { }",
  "pub enum VisualBox { }",
  "pub enum VoiceBalanceStyleValue { }",
  "pub enum VoiceStressStyleValue { }",
  "pub enum WebkitAnimationMediaFeature { }",
  "pub enum WebkitDevicePixelRatioMediaFeature { }",
  "pub enum WebkitFunctionalPseudoClass < \'a > { }",
  "pub enum WebkitFunctionalPseudoElement < \'a > { }",
  "pub enum WebkitPseudoClass { }",
  "pub enum WebkitPseudoElement { }",
  "pub enum WebkitTransform2dMediaFeature { }",
  "pub enum WebkitTransform3dMediaFeature { }",
  "pub enum WebkitTransitionMediaFeature { }",
  "pub enum WebkitVideoPlayableInlineMediaFeature { }",
  "pub enum WhiteSpaceCollapseStyleValue { }",
  "pub enum WidthContainerFeature { }",
  "pub enum WidthMediaFeature { }",
  "pub enum WidthStyleValue { }",
  "pub enum WordBreakStyleValue { }",
  "pub enum WordWrapStyleValue { }",
  "pub enum WrapAfterStyleValue { }",
  "pub enum WrapBeforeStyleValue { }",
  "pub enum WrapFlowStyleValue { }",
  "pub enum WrapInsideStyleValue { }",
  "pub enum WrapThroughStyleValue { }",
  "pub enum WritingModeStyleValue { }",
  "pub struct AccentColorStyleValue { }",
  "pub struct AdditiveSymbolsStyleValue < \'a > { }",
  "pub struct AnchorName { }",
  "pub struct AnchorNameStyleValue < \'a > { }",
  "pub struct AnimationCompositionStyleValue < \'a > { }",
  "pub struct AnimationDelayStyleValue < \'a > { }",
  "pub struct AnimationDirectionStyleValue < \'a > { }",
  "pub struct AnimationDurationStyleValue < \'a > { }",
  "pub struct AnimationFillModeStyleValue < \'a > { }",
  "pub struct AnimationIterationCountStyleValue < \'a > { }",
  "pub struct AnimationNameStyleValue < \'a > { }",
  "pub struct AnimationPlayStateStyleValue < \'a > { }",
  "pub struct AnimationRangeEndStyleValue < \'a > { }",
  "pub struct AnimationRangeStartStyleValue < \'a > { }",
  "pub struct AnimationRangeStyleValue < \'a > { }",
  "pub struct AnimationTimelineStyleValue < \'a > { }",
  "pub struct AnimationTimingFunctionStyleValue < \'a > { }",
  "pub struct AnimationTriggerStyleValue < \'a > { }",
  "pub struct AspectRatioStyleValue { }",
  "pub struct AttrFunction < \'a > { }",
  "pub struct Attribute { }",
  "pub struct AutoLineWidthList < \'a > { }",
  "pub struct BackgroundAttachmentStyleValue < \'a > { }",
  "pub struct BackgroundBlendModeStyleValue < \'a > { }",
  "pub struct BackgroundClipStyleValue < \'a > { }",
  "pub struct BackgroundColorStyleValue { }",
  "pub struct BackgroundImageStyleValue < \'a > { }",
  "pub struct BackgroundOriginStyleValue < \'a > { }",
  "pub struct BackgroundRepeatBlockStyleValue < \'a > { }",
  "pub struct BackgroundRepeatInlineStyleValue < \'a > { }",
  "pub struct BackgroundRepeatStyleValue < \'a > { }",
  "pub struct BackgroundRepeatXStyleValue < \'a > { }",
  "pub struct BackgroundRepeatYStyleValue < \'a > { }",
  "pub struct BackgroundSizeStyleValue < \'a > { }",
  "pub struct BlockSizeStyleValue { }",
  "pub struct BlockStepSizeStyleValue { }",
  "pub struct BlockStepStyleValue { }",
  "pub struct BookmarkLabelStyleValue < \'a > { }",
  "pub struct BookmarkLevelStyleValue { }",
  "pub struct BorderBlockClipStyleValue < \'a > { }",
  "pub struct BorderBlockColorStyleValue < \'a > { }",
  "pub struct BorderBlockEndClipStyleValue < \'a > { }",
  "pub struct BorderBlockEndStyleStyleValue { }",
  "pub struct BorderBlockEndStyleValue { }",
  "pub struct BorderBlockEndWidthStyleValue { }",
  "pub struct BorderBlockStartClipStyleValue < \'a > { }",
  "pub struct BorderBlockStartStyleStyleValue { }",
  "pub struct BorderBlockStartStyleValue { }",
  "pub struct BorderBlockStartWidthStyleValue { }",
  "pub struct BorderBlockStyleStyleValue { }",
  "pub struct BorderBlockStyleValue { }",
  "pub struct BorderBlockWidthStyleValue { }",
  "pub struct BorderBottomClipStyleValue < \'a > { }",
  "pub struct BorderBottomLeftRadiusStyleValue { }",
  "pub struct BorderBottomRightRadiusStyleValue { }",
  "pub struct BorderBottomStyleStyleValue { }",
  "pub struct BorderBottomStyleValue { }",
  "pub struct BorderBottomWidthStyleValue { }",
  "pub struct BorderClipStyleValue < \'a > { }",
  "pub struct BorderEndEndRadiusStyleValue { }",
  "pub struct BorderEndStartRadiusStyleValue { }",
  "pub struct BorderImageOutsetStyleValue { }",
  "pub struct BorderImageRepeatStyleValue { }",
  "pub struct BorderImageSourceStyleValue < \'a > { }",
  "pub struct BorderInlineClipStyleValue < \'a > { }",
  "pub struct BorderInlineColorStyleValue < \'a > { }",
  "pub struct BorderInlineEndClipStyleValue < \'a > { }",
  "pub struct BorderInlineEndStyleStyleValue { }",
  "pub struct BorderInlineEndStyleValue { }",
  "pub struct BorderInlineEndWidthStyleValue { }",
  "pub struct BorderInlineStartClipStyleValue < \'a > { }",
  "pub struct BorderInlineStartStyleStyleValue { }",
  "pub struct BorderInlineStartStyleValue { }",
  "pub struct BorderInlineStartWidthStyleValue { }",
  "pub struct BorderInlineStyleStyleValue { }",
  "pub struct BorderInlineStyleValue { }",
  "pub struct BorderInlineWidthStyleValue { }",
  "pub struct BorderLeftClipStyleValue < \'a > { }",
  "pub struct BorderLeftStyleStyleValue { }",
  "pub struct BorderLeftStyleValue { }",
  "pub struct BorderLeftWidthStyleValue { }",
  "pub struct BorderRadius { }",
  "pub struct BorderRightClipStyleValue < \'a > { }",
  "pub struct BorderRightStyleStyleValue { }",
  "pub struct BorderRightStyleValue { }",
  "pub struct BorderRightWidthStyleValue { }",
  "pub struct BorderSpacingStyleValue { }",
  "pub struct BorderStartEndRadiusStyleValue { }",
  "pub struct BorderStartStartRadiusStyleValue { }",
  "pub struct BorderStyleStyleValue { }",
  "pub struct BorderStyleValue { }",
  "pub struct BorderTopClipStyleValue < \'a > { }",
  "pub struct BorderTopLeftRadiusStyleValue { }",
  "pub struct BorderTopRightRadiusStyleValue { }",
  "pub struct BorderTopStyleStyleValue { }",
  "pub struct BorderTopStyleValue { }",
  "pub struct BorderTopWidthStyleValue { }",
  "pub struct BorderWidthStyleValue { }",
  "pub struct BottomStyleValue { }",
  "pub struct BoxShadowBlurStyleValue < \'a > { }",
  "pub struct BoxShadowColorStyleValue < \'a > { }",
  "pub struct BoxShadowPositionStyleValue < \'a > { }",
  "pub struct BoxShadowSpreadStyleValue < \'a > { }",
  "pub struct BoxShadowStyleValue < \'a > { }",
  "pub struct CSSInt { }",
  "pub struct CalcSizeFunction { }",
  "pub struct CaretColorStyleValue { }",
  "pub struct CaretStyleValue { }",
  "pub struct CharsetRule { }",
  "pub struct Class { }",
  "pub struct ColorAdjustStyleValue { }",
  "pub struct ColorFunctionColor { }",
  "pub struct ColorFunctionColorParams { }",
  "pub struct ColorStripe { }",
  "pub struct ColorStyleValue { }",
  "pub struct ColumnCountStyleValue { }",
  "pub struct ColumnGapStyleValue { }",
  "pub struct ColumnHeightStyleValue { }",
  "pub struct ColumnRuleEdgeInsetEndStyleValue { }",
  "pub struct ColumnRuleEdgeInsetStartStyleValue { }",
  "pub struct ColumnRuleEdgeInsetStyleValue { }",
  "pub struct ColumnRuleInsetEndStyleValue { }",
  "pub struct ColumnRuleInsetStartStyleValue { }",
  "pub struct ColumnRuleInsetStyleValue { }",
  "pub struct ColumnRuleInteriorInsetEndStyleValue { }",
  "pub struct ColumnRuleInteriorInsetStartStyleValue { }",
  "pub struct ColumnRuleInteriorInsetStyleValue { }",
  "pub struct ColumnWidthStyleValue { }",
  "pub struct CommaOrSlash { }",
  "pub struct CompoundSelector < \'a > { }",
  "pub struct Computed < \'a > { }",
  "pub struct ContainerCondition < \'a > { }",
  "pub struct ContainerConditionList < \'a > { }",
  "pub struct ContainerNameStyleValue < \'a > { }",
  "pub struct ContainerRule < \'a > { }",
  "pub struct ContainerRulesBlock < \'a > { }",
  "pub struct ContentFunction { }",
  "pub struct ContentList < \'a > { }",
  "pub struct CornerBlockEndShapeStyleValue { }",
  "pub struct CornerBlockStartShapeStyleValue { }",
  "pub struct CornerBottomLeftShapeStyleValue { }",
  "pub struct CornerBottomRightShapeStyleValue { }",
  "pub struct CornerBottomShapeStyleValue { }",
  "pub struct CornerEndEndShapeStyleValue { }",
  "pub struct CornerEndStartShapeStyleValue { }",
  "pub struct CornerInlineEndShapeStyleValue { }",
  "pub struct CornerInlineStartShapeStyleValue { }",
  "pub struct CornerLeftShapeStyleValue { }",
  "pub struct CornerRightShapeStyleValue { }",
  "pub struct CornerShapeStyleValue { }",
  "pub struct CornerStartEndShapeStyleValue { }",
  "pub struct CornerStartStartShapeStyleValue { }",
  "pub struct CornerTopLeftShapeStyleValue { }",
  "pub struct CornerTopRightShapeStyleValue { }",
  "pub struct CornerTopShapeStyleValue { }",
  "pub struct CounterFunction < \'a > { }",
  "pub struct CounterStyleName { }",
  "pub struct CounterStyleRule < \'a > { }",
  "pub struct CounterStyleRuleBlock < \'a > { }",
  "pub struct CountersFunction < \'a > { }",
  "pub struct CubicBezierFunction { }",
  "pub struct CueAfterStyleValue { }",
  "pub struct CueBeforeStyleValue { }",
  "pub struct CueStyleValue { }",
  "pub struct CursorStyleValue < \'a > { }",
  "pub struct Custom < \'a > { }",
  "pub struct CustomElementTag { }",
  "pub struct CustomIdent { }",
  "pub struct DashedIdent { }",
  "pub struct Decibel { }",
  "pub struct DirPseudoFunction { }",
  "pub struct DisplayListitem { }",
  "pub struct DocumentMatcherList < \'a > { }",
  "pub struct DocumentRule < \'a > { }",
  "pub struct DocumentRuleBlock < \'a > { }",
  "pub struct DynamicRangeLimitMixFunction < \'a > { }",
  "pub struct EventTriggerNameStyleValue < \'a > { }",
  "pub struct EventTriggerSourceStyleValue < \'a > { }",
  "pub struct EventTriggerStyleValue < \'a > { }",
  "pub struct FallbackStyleValue { }",
  "pub struct FeatureTagValue { }",
  "pub struct FillColorStyleValue { }",
  "pub struct FillOpacityStyleValue { }",
  "pub struct FillPositionStyleValue < \'a > { }",
  "pub struct FillRepeatStyleValue < \'a > { }",
  "pub struct FillSizeStyleValue < \'a > { }",
  "pub struct FitContentFunction { }",
  "pub struct Flex { }",
  "pub struct FlexFlowStyleValue { }",
  "pub struct FlexGrowStyleValue { }",
  "pub struct FlexShrinkStyleValue { }",
  "pub struct FlexStyleValue { }",
  "pub struct FloatOffsetStyleValue { }",
  "pub struct FloodColorStyleValue { }",
  "pub struct FloodOpacityStyleValue { }",
  "pub struct FlowFromStyleValue { }",
  "pub struct FontFaceRule < \'a > { }",
  "pub struct FontFaceRuleBlock < \'a > { }",
  "pub struct FontFaceRuleStyleValue < \'a > { }",
  "pub struct FontFamilyStyleValue < \'a > { }",
  "pub struct FontFeatureSettingsStyleValue < \'a > { }",
  "pub struct FontLanguageOverrideStyleValue { }",
  "pub struct FontVariationSettingsStyleValue < \'a > { }",
  "pub struct GapStyleValue { }",
  "pub struct GridAutoColumnsStyleValue < \'a > { }",
  "pub struct GridAutoRowsStyleValue < \'a > { }",
  "pub struct GridColumnEndStyleValue { }",
  "pub struct GridColumnStartStyleValue { }",
  "pub struct GridRowEndStyleValue { }",
  "pub struct GridRowStartStyleValue { }",
  "pub struct GridTemplateAreasStyleValue < \'a > { }",
  "pub struct HasPseudoFunction < \'a > { }",
  "pub struct HeadingPseudoFunction < \'a > { }",
  "pub struct HighlightPseudoElement { }",
  "pub struct HostContextPseudoFunction < \'a > { }",
  "pub struct HostPseudoFunction < \'a > { }",
  "pub struct HslFunction { }",
  "pub struct HslFunctionParams { }",
  "pub struct HslaFunction { }",
  "pub struct HwbFunction { }",
  "pub struct HwbFunctionParams { }",
  "pub struct HyphenateCharacterStyleValue { }",
  "pub struct HyphenateLimitZoneStyleValue { }",
  "pub struct Id { }",
  "pub struct Image1d < \'a > { }",
  "pub struct ImageSetFunction < \'a > { }",
  "pub struct ImportLayerFunction < \'a > { }",
  "pub struct ImportRule < \'a > { }",
  "pub struct ImportSupportsFunction < \'a > { }",
  "pub struct InlineSizeStyleValue { }",
  "pub struct InsetBlockEndStyleValue { }",
  "pub struct InsetBlockStartStyleValue { }",
  "pub struct InsetBlockStyleValue { }",
  "pub struct InsetInlineEndStyleValue { }",
  "pub struct InsetInlineStartStyleValue { }",
  "pub struct InsetInlineStyleValue { }",
  "pub struct InsetStyleValue { }",
  "pub struct InterestDelayEndStyleValue { }",
  "pub struct InterestDelayStartStyleValue { }",
  "pub struct InterestDelayStyleValue { }",
  "pub struct IsPseudoFunction < \'a > { }",
  "pub struct IsolationStyleValue { }",
  "pub struct ItemPackStyleValue { }",
  "pub struct Keyframe < \'a > { }",
  "pub struct KeyframeSelectors < \'a > { }",
  "pub struct KeyframesRule < \'a > { }",
  "pub struct KeyframesRuleBlock < \'a > { }",
  "pub struct KeypressFunction { }",
  "pub struct LabFunction { }",
  "pub struct LabFunctionParams { }",
  "pub struct LangPseudoFunction < \'a > { }",
  "pub struct LayerName < \'a > { }",
  "pub struct LayerNameList < \'a > { }",
  "pub struct LayerRule < \'a > { }",
  "pub struct LayerRuleBlock < \'a > { }",
  "pub struct LchFunction { }",
  "pub struct LchFunctionParams { }",
  "pub struct LeaderFunction { }",
  "pub struct LeftStyleValue { }",
  "pub struct LetterSpacingStyleValue { }",
  "pub struct LightingColorStyleValue { }",
  "pub struct LineHeightStepStyleValue { }",
  "pub struct LinePaddingStyleValue { }",
  "pub struct LineWidthList < \'a > { }",
  "pub struct LinearFunction < \'a > { }",
  "pub struct LinearFunctionParams { }",
  "pub struct LinearGradientFunction < \'a > { }",
  "pub struct LinkParametersStyleValue < \'a > { }",
  "pub struct ListStyleImageStyleValue < \'a > { }",
  "pub struct MarginBlockEndStyleValue { }",
  "pub struct MarginBlockStartStyleValue { }",
  "pub struct MarginBlockStyleValue { }",
  "pub struct MarginBottomStyleValue { }",
  "pub struct MarginInlineEndStyleValue { }",
  "pub struct MarginInlineStartStyleValue { }",
  "pub struct MarginInlineStyleValue { }",
  "pub struct MarginLeftStyleValue { }",
  "pub struct MarginRightStyleValue { }",
  "pub struct MarginRuleBlock < \'a > { }",
  "pub struct MarginStyleValue { }",
  "pub struct MarginTopStyleValue { }",
  "pub struct MaskBorderOutsetStyleValue { }",
  "pub struct MaskBorderRepeatStyleValue { }",
  "pub struct MaskBorderSourceStyleValue < \'a > { }",
  "pub struct MaskClipStyleValue < \'a > { }",
  "pub struct MaskOriginStyleValue < \'a > { }",
  "pub struct MaskPositionStyleValue < \'a > { }",
  "pub struct MaskRepeatStyleValue < \'a > { }",
  "pub struct MaskSizeStyleValue < \'a > { }",
  "pub struct Matrix3dFunction { }",
  "pub struct MatrixFunction { }",
  "pub struct MaxBlockSizeStyleValue { }",
  "pub struct MaxInlineSizeStyleValue { }",
  "pub struct MaxLinesStyleValue { }",
  "pub struct MediaQuery < \'a > { }",
  "pub struct MediaQueryList < \'a > { }",
  "pub struct MediaRule < \'a > { }",
  "pub struct MediaRuleBlock < \'a > { }",
  "pub struct MinBlockSizeStyleValue { }",
  "pub struct MinInlineSizeStyleValue { }",
  "pub struct MozDocumentRule < \'a > { }",
  "pub struct MozLocaleDirFunctionalPseudoClass { }",
  "pub struct Namespace { }",
  "pub struct NamespaceRule { }",
  "pub struct NegativeStyleValue < \'a > { }",
  "pub struct NotPseudoFunction < \'a > { }",
  "pub struct NthChildPseudoFunction { }",
  "pub struct NthColPseudoFunction { }",
  "pub struct NthLastChildPseudoFunction { }",
  "pub struct NthLastColPseudoFunction { }",
  "pub struct NthLastOfTypePseudoFunction { }",
  "pub struct NthOfTypePseudoFunction { }",
  "pub struct ObjectPositionStyleValue { }",
  "pub struct ObjectViewBoxStyleValue { }",
  "pub struct OffsetAnchorStyleValue { }",
  "pub struct OffsetDistanceStyleValue { }",
  "pub struct OklabFunction { }",
  "pub struct OklchFunction { }",
  "pub struct OpacityStyleValue { }",
  "pub struct OpentypeTag { }",
  "pub struct OrderStyleValue { }",
  "pub struct OrphansStyleValue { }",
  "pub struct OutlineColorStyleValue < \'a > { }",
  "pub struct OutlineOffsetStyleValue { }",
  "pub struct OutlineStyleStyleValue { }",
  "pub struct OutlineStyleValue < \'a > { }",
  "pub struct OutlineWidthStyleValue { }",
  "pub struct OverflowClipMarginBlockEndStyleValue { }",
  "pub struct OverflowClipMarginBlockStartStyleValue { }",
  "pub struct OverflowClipMarginBlockStyleValue { }",
  "pub struct OverflowClipMarginBottomStyleValue { }",
  "pub struct OverflowClipMarginInlineEndStyleValue { }",
  "pub struct OverflowClipMarginInlineStartStyleValue { }",
  "pub struct OverflowClipMarginInlineStyleValue { }",
  "pub struct OverflowClipMarginLeftStyleValue { }",
  "pub struct OverflowClipMarginRightStyleValue { }",
  "pub struct OverflowClipMarginStyleValue { }",
  "pub struct OverflowClipMarginTopStyleValue { }",
  "pub struct OverflowStyleValue { }",
  "pub struct OverscrollBehaviorStyleValue { }",
  "pub struct PadStyleValue < \'a > { }",
  "pub struct PaddingBlockEndStyleValue { }",
  "pub struct PaddingBlockStartStyleValue { }",
  "pub struct PaddingBlockStyleValue { }",
  "pub struct PaddingBottomStyleValue { }",
  "pub struct PaddingInlineEndStyleValue { }",
  "pub struct PaddingInlineStartStyleValue { }",
  "pub struct PaddingInlineStyleValue { }",
  "pub struct PaddingLeftStyleValue { }",
  "pub struct PaddingRightStyleValue { }",
  "pub struct PaddingStyleValue { }",
  "pub struct PaddingTopStyleValue { }",
  "pub struct PageRule < \'a > { }",
  "pub struct PageRuleBlock < \'a > { }",
  "pub struct PageSelector < \'a > { }",
  "pub struct PageSelectorList < \'a > { }",
  "pub struct PageStyleValue { }",
  "pub struct ParamFunction < \'a > { }",
  "pub struct PartPseudoElement < \'a > { }",
  "pub struct PauseStyleValue { }",
  "pub struct Percentage { }",
  "pub struct PerspectiveFunction { }",
  "pub struct PerspectiveOriginStyleValue { }",
  "pub struct PerspectiveStyleValue { }",
  "pub struct PickerPseudoElement { }",
  "pub struct PointerTimelineAxisStyleValue < \'a > { }",
  "pub struct PointerTimelineNameStyleValue < \'a > { }",
  "pub struct PointerTimelineStyleValue < \'a > { }",
  "pub struct PositionAreaStyleValue { }",
  "pub struct PositionTryOrderStyleValue { }",
  "pub struct PrefixStyleValue < \'a > { }",
  "pub struct PropertyPrelude { }",
  "pub struct PropertyRule < \'a > { }",
  "pub struct PropertyRuleBlock < \'a > { }",
  "pub struct RadialGradientFunction < \'a > { }",
  "pub struct Ratio { }",
  "pub struct ReadingOrderStyleValue { }",
  "pub struct RepeatFunction < \'a > { }",
  "pub struct RepeatFunctionParams < \'a > { }",
  "pub struct RepeatingLinearGradientFunction < \'a > { }",
  "pub struct RepeatingRadialGradientFunction < \'a > { }",
  "pub struct RestStyleValue { }",
  "pub struct RgbFunction { }",
  "pub struct RgbFunctionParams { }",
  "pub struct RgbaFunction { }",
  "pub struct RightStyleValue { }",
  "pub struct Rotate3dFunction { }",
  "pub struct RotateFunction { }",
  "pub struct RotatexFunction { }",
  "pub struct RotateyFunction { }",
  "pub struct RotatezFunction { }",
  "pub struct RowGapStyleValue { }",
  "pub struct RowRuleEdgeInsetEndStyleValue { }",
  "pub struct RowRuleEdgeInsetStartStyleValue { }",
  "pub struct RowRuleEdgeInsetStyleValue { }",
  "pub struct RowRuleInsetEndStyleValue { }",
  "pub struct RowRuleInsetStartStyleValue { }",
  "pub struct RowRuleInsetStyleValue { }",
  "pub struct RowRuleInteriorInsetEndStyleValue { }",
  "pub struct RowRuleInteriorInsetStartStyleValue { }",
  "pub struct RowRuleInteriorInsetStyleValue { }",
  "pub struct RuleBreakStyleValue { }",
  "pub struct RuleColorStyleValue { }",
  "pub struct RuleEdgeInsetStyleValue { }",
  "pub struct RuleInsetEndStyleValue { }",
  "pub struct RuleInsetStartStyleValue { }",
  "pub struct RuleInsetStyleValue { }",
  "pub struct RuleInteriorInsetStyleValue { }",
  "pub struct RuleStyleStyleValue { }",
  "pub struct RuleStyleValue { }",
  "pub struct RuleVisibilityItemsStyleValue { }",
  "pub struct RuleWidthStyleValue < \'a > { }",
  "pub struct RunningStyleValue { }",
  "pub struct Scale3dFunction { }",
  "pub struct ScaleFunction { }",
  "pub struct ScaleStyleValue { }",
  "pub struct ScalexFunction { }",
  "pub struct ScaleyFunction { }",
  "pub struct ScalezFunction { }",
  "pub struct ScrollMarginBlockEndStyleValue { }",
  "pub struct ScrollMarginBlockStartStyleValue { }",
  "pub struct ScrollMarginBlockStyleValue { }",
  "pub struct ScrollMarginBottomStyleValue { }",
  "pub struct ScrollMarginInlineEndStyleValue { }",
  "pub struct ScrollMarginInlineStartStyleValue { }",
  "pub struct ScrollMarginInlineStyleValue { }",
  "pub struct ScrollMarginLeftStyleValue { }",
  "pub struct ScrollMarginRightStyleValue { }",
  "pub struct ScrollMarginStyleValue { }",
  "pub struct ScrollMarginTopStyleValue { }",
  "pub struct ScrollPaddingBlockEndStyleValue { }",
  "pub struct ScrollPaddingBlockStartStyleValue { }",
  "pub struct ScrollPaddingBlockStyleValue { }",
  "pub struct ScrollPaddingBottomStyleValue { }",
  "pub struct ScrollPaddingInlineEndStyleValue { }",
  "pub struct ScrollPaddingInlineStartStyleValue { }",
  "pub struct ScrollPaddingInlineStyleValue { }",
  "pub struct ScrollPaddingLeftStyleValue { }",
  "pub struct ScrollPaddingRightStyleValue { }",
  "pub struct ScrollPaddingStyleValue { }",
  "pub struct ScrollPaddingTopStyleValue { }",
  "pub struct ScrollSnapAlignStyleValue { }",
  "pub struct ScrollTimelineAxisStyleValue < \'a > { }",
  "pub struct ScrollTimelineNameStyleValue < \'a > { }",
  "pub struct ScrollTimelineStyleValue < \'a > { }",
  "pub struct ScrollbarColorStyleValue { }",
  "pub struct SelectorList < \'a > { }",
  "pub struct Shadow { }",
  "pub struct ShapeImageThresholdStyleValue { }",
  "pub struct ShapeMarginStyleValue { }",
  "pub struct ShapePaddingStyleValue { }",
  "pub struct SingleTransition < \'a > { }",
  "pub struct SkewFunction { }",
  "pub struct SkewxFunction { }",
  "pub struct SkewyFunction { }",
  "pub struct SlottedPseudoElement < \'a > { }",
  "pub struct SnapBlockFunction { }",
  "pub struct SnapInlineFunction { }",
  "pub struct StartingStyleRule < \'a > { }",
  "pub struct StartingStyleRuleBlock < \'a > { }",
  "pub struct StatePseudoFunction { }",
  "pub struct StepsFunction { }",
  "pub struct StringFunction { }",
  "pub struct StripesFunction < \'a > { }",
  "pub struct StrokeColorStyleValue < \'a > { }",
  "pub struct StrokeDashCornerStyleValue { }",
  "pub struct StrokeDasharrayStyleValue < \'a > { }",
  "pub struct StrokeDashoffsetStyleValue { }",
  "pub struct StrokeMiterlimitStyleValue { }",
  "pub struct StrokeOpacityStyleValue { }",
  "pub struct StrokePositionStyleValue < \'a > { }",
  "pub struct StrokeRepeatStyleValue < \'a > { }",
  "pub struct StrokeSizeStyleValue < \'a > { }",
  "pub struct StrokeWidthStyleValue < \'a > { }",
  "pub struct StyleRule < \'a > { }",
  "pub struct StyleSheet < \'a > { }",
  "pub struct SuffixStyleValue < \'a > { }",
  "pub struct SuperellipseFunction { }",
  "pub struct SupportsRule < \'a > { }",
  "pub struct SupportsRuleBlock < \'a > { }",
  "pub struct SymbolsFunction < \'a > { }",
  "pub struct SymbolsFunctionParams < \'a > { }",
  "pub struct SymbolsStyleValue < \'a > { }",
  "pub struct SyntaxValue { }",
  "pub struct TabSizeStyleValue { }",
  "pub struct TargetCounterFunction < \'a > { }",
  "pub struct TargetCountersFunction < \'a > { }",
  "pub struct TargetTextFunction { }",
  "pub struct TextBoxEdgeStyleValue { }",
  "pub struct TextBoxStyleValue { }",
  "pub struct TextDecorationColorStyleValue { }",
  "pub struct TextDecorationInsetStyleValue { }",
  "pub struct TextEmphasisColorStyleValue { }",
  "pub struct TextEmphasisSkipStyleValue { }",
  "pub struct TextShadowStyleValue < \'a > { }",
  "pub struct TextSizeAdjustStyleValue { }",
  "pub struct TextSpacingTrimStyleValue { }",
  "pub struct TextUnderlineOffsetStyleValue { }",
  "pub struct TextWrapStyleValue { }",
  "pub struct TimelineRangeName { }",
  "pub struct TimelineTriggerNameStyleValue < \'a > { }",
  "pub struct TimelineTriggerSourceStyleValue < \'a > { }",
  "pub struct TopStyleValue { }",
  "pub struct TransformList < \'a > { }",
  "pub struct TransformStyleValue < \'a > { }",
  "pub struct TransitionBehaviorStyleValue < \'a > { }",
  "pub struct TransitionDelayStyleValue < \'a > { }",
  "pub struct TransitionDurationStyleValue < \'a > { }",
  "pub struct TransitionPropertyStyleValue < \'a > { }",
  "pub struct TransitionStyleValue < \'a > { }",
  "pub struct TransitionTimingFunctionStyleValue < \'a > { }",
  "pub struct Translate3dFunction { }",
  "pub struct TranslateFunction { }",
  "pub struct TranslatexFunction { }",
  "pub struct TranslateyFunction { }",
  "pub struct TranslatezFunction { }",
  "pub struct Unknown < \'a > { }",
  "pub struct UnknownAtRule < \'a > { }",
  "pub struct UnknownQualifiedRule < \'a > { }",
  "pub struct UnknownTag { }",
  "pub struct VariationTagValue { }",
  "pub struct ViewTimelineAxisStyleValue < \'a > { }",
  "pub struct ViewTimelineInsetStyleValue < \'a > { }",
  "pub struct ViewTimelineNameStyleValue < \'a > { }",
  "pub struct ViewTransitionClassStyleValue < \'a > { }",
  "pub struct ViewTransitionGroupPseudoElement < \'a > { }",
  "pub struct ViewTransitionImagePairPseudoElement < \'a > { }",
  "pub struct ViewTransitionNameStyleValue { }",
  "pub struct ViewTransitionNewPseudoElement < \'a > { }",
  "pub struct ViewTransitionOldPseudoElement < \'a > { }",
  "pub struct VoiceDurationStyleValue { }",
  "pub struct WebkitAnyFunctionalPseudoClass < \'a > { }",
  "pub struct WebkitDistrubutedFunctionalPseudoElement < \'a > { }",
  "pub struct WebkitKeyframesRule < \'a > { }",
  "pub struct WebkitLineClampStyleValue { }",
  "pub struct WherePseudoFunction < \'a > { }",
  "pub struct WidowsStyleValue { }",
  "pub struct Wildcard { }",
  "pub struct WillChangeStyleValue < \'a > { }",
  "pub struct WordSpacingStyleValue { }",
  "pub struct ZoomStyleValue { }",
]
