---
source: crates/css_lexer/tests/basic_snapshots.rs
expression: tokens
---
[
  Token(
    kind: "Colon",
    len: 1,
  ),
  Token(
    kind: "Function",
    len: 10,
  ),
  Token(
    kind: "Ident",
    len: 1,
  ),
  Token(
    kind: "Number",
    len: 2,
  ),
  Token(
    kind: "RightParen",
    len: 1,
  ),
  Token(
    kind: "LeftCurly",
    len: 1,
  ),
  Token(
    kind: "RightCurly",
    len: 1,
  ),
]
