---
source: crates/css_lexer/tests/postcss_snapshots.rs
expression: tokens
---
[
  Token(
    kind: "AtKeyword",
    len: 9,
  ),
  Token(
    kind: "LeftParen",
    len: 1,
  ),
  Token(
    kind: "Ident",
    len: 14,
  ),
  Token(
    kind: "Colon",
    len: 1,
  ),
  Token(
    kind: "Ident",
    len: 4,
  ),
  Token(
    kind: "RightParen",
    len: 1,
  ),
  Token(
    kind: "LeftCurly",
    len: 1,
  ),
  Token(
    kind: "AtKeyword",
    len: 17,
  ),
  Token(
    kind: "Ident",
    len: 4,
  ),
  Token(
    kind: "LeftCurly",
    len: 1,
  ),
  Token(
    kind: "Ident",
    len: 4,
  ),
  Token(
    kind: "LeftCurly",
    len: 1,
  ),
  Token(
    kind: "Ident",
    len: 5,
  ),
  Token(
    kind: "Colon",
    len: 1,
  ),
  Token(
    kind: "Ident",
    len: 5,
  ),
  Token(
    kind: "Semicolon",
    len: 1,
  ),
  Token(
    kind: "RightCurly",
    len: 1,
  ),
  Token(
    kind: "Ident",
    len: 2,
  ),
  Token(
    kind: "LeftCurly",
    len: 1,
  ),
  Token(
    kind: "Ident",
    len: 5,
  ),
  Token(
    kind: "Colon",
    len: 1,
  ),
  Token(
    kind: "Ident",
    len: 5,
  ),
  Token(
    kind: "RightCurly",
    len: 1,
  ),
  Token(
    kind: "RightCurly",
    len: 1,
  ),
  Token(
    kind: "RightCurly",
    len: 1,
  ),
  Token(
    kind: "AtKeyword",
    len: 8,
  ),
  Token(
    kind: "Function",
    len: 9,
  ),
  Token(
    kind: "Colon",
    len: 1,
  ),
  Token(
    kind: "Ident",
    len: 13,
  ),
  Token(
    kind: "RightParen",
    len: 1,
  ),
  Token(
    kind: "LeftCurly",
    len: 1,
  ),
  Token(
    kind: "Ident",
    len: 1,
  ),
  Token(
    kind: "Colon",
    len: 1,
  ),
  Token(
    kind: "Ident",
    len: 13,
  ),
  Token(
    kind: "LeftCurly",
    len: 1,
  ),
  Token(
    kind: "Ident",
    len: 10,
  ),
  Token(
    kind: "Colon",
    len: 1,
  ),
  Token(
    kind: "Ident",
    len: 6,
  ),
  Token(
    kind: "Semicolon",
    len: 1,
  ),
  Token(
    kind: "RightCurly",
    len: 1,
  ),
  Token(
    kind: "RightCurly",
    len: 1,
  ),
]
