---
source: crates/csskit_proc_macro/src/test.rs
expression: pretty
---
::css_parse::keyword_set!(
    #[derive(::csskit_derives::Visitable)] #[visit(skip)] pub enum FooKeywords { Auto :
    "auto", None : "none", }
);
#[derive(Visitable)]
enum Foo {
    #[visit(skip)]
    Auto(::css_parse::T![Ident]),
    #[visit(skip)]
    None(::css_parse::T![Ident]),
}
#[automatically_derived]
impl<'a> ::css_parse::Parse<'a> for Foo {
    fn parse(p: &mut ::css_parse::Parser<'a>) -> ::css_parse::Result<Self> {
        use ::css_parse::{Parse, Peek};
        match p.parse_if_peek::<FooKeywords>()? {
            Some(FooKeywords::Auto(ident)) => {
                return Ok(Self::Auto(ident));
            }
            Some(FooKeywords::None(ident)) => {
                return Ok(Self::None(ident));
            }
            None => {}
        }
        let c: ::css_parse::Cursor = p.parse::<::css_parse::T![Any]>()?.into();
        Err(::css_parse::diagnostics::UnexpectedIdent(p.parse_str(c).into(), c.into()))?
    }
}
