---
source: crates/csskit_proc_macro/src/test.rs
expression: pretty
---
::css_parse::keyword_set!(FooKeywords { Auto : "auto", });
#[derive(Debug, Clone, PartialEq, Eq, PartialOrd, Ord, Hash)]
#[cfg_attr(feature = "serde", derive(serde::Serialize), serde())]
enum Foo {
    Length(crate::Length, Option<crate::Length>),
    Auto(::css_parse::T![Ident]),
}
#[automatically_derived]
impl<'a> ::css_parse::Peek<'a> for Foo {
    fn peek(p: &::css_parse::Parser<'a>, c: ::css_lexer::Cursor) -> bool {
        use ::css_parse::Peek;
        <crate::Length>::peek(p, c) || <::css_parse::T![Ident]>::peek(p, c)
    }
}
#[automatically_derived]
impl<'a> ::css_parse::Parse<'a> for Foo {
    fn parse(p: &mut ::css_parse::Parser<'a>) -> ::css_parse::Result<Self> {
        use ::css_parse::{Parse, Peek};
        if let Some(keyword) = p.parse_if_peek::<FooKeywords>()? {
            use ::css_parse::Build;
            match keyword {
                FooKeywords::Auto(c) => {
                    return Ok(Self::Auto(<::css_parse::T![Ident]>::build(p, c)));
                }
            }
        }
        let combo0 = p.parse::<crate::Length>()?;
        let combo1 = p.parse_if_peek::<crate::Length>()?;
        Ok(Self::Length(combo0, combo1))
    }
}
#[automatically_derived]
impl ::css_parse::ToCursors for Foo {
    fn to_cursors(&self, s: &mut impl ::css_parse::CursorSink) {
        match self {
            Self::Length(c0, c1) => {
                ::css_parse::ToCursors::to_cursors(c0, s);
                if let Some(inner) = c1 {
                    ::css_parse::ToCursors::to_cursors(inner, s);
                }
            }
            Self::Auto(inner) => {
                ::css_parse::ToCursors::to_cursors(inner, s);
            }
        }
    }
}
