---
source: crates/csskit_proc_macro/src/test.rs
expression: pretty
---
::css_parse::keyword_set!(
    #[derive(::csskit_derives::Visitable)] #[visit(skip)] pub enum FooKeywords { Foo :
    "foo", Bar : "bar", }
);
#[derive(Visitable)]
struct Foo<'a>(
    #[visit(skip)]
    pub css_parse::T![Ident],
    #[visit(skip)]
    pub Option<css_parse::T![Ident]>,
);
