---
source: crates/csskit_proc_macro/src/test.rs
expression: pretty
---
::css_parse::keyword_set!(
    #[derive(::csskit_derives::Visitable)] #[visit(skip)] pub enum FooKeywords { Foo :
    "foo", }
);
enum Foo {
    #[visit(skip)]
    Foo(::css_parse::T![Ident]),
    LengthPercentage(crate::LengthPercentage),
}
#[automatically_derived]
impl<'a> ::css_parse::Parse<'a> for Foo {
    fn parse(p: &mut ::css_parse::Parser<'a>) -> ::css_parse::Result<Self> {
        use ::css_parse::{Parse, Peek};
        match p.parse_if_peek::<FooKeywords>()? {
            Some(FooKeywords::Foo(ident)) => {
                return Ok(Self::Foo(ident));
            }
            None => {}
        }
        let ty = p.parse::<crate::LengthPercentage>()?;
        if 0f32 > Into::<f32>::into(ty) {
            use css_parse::ToSpan;
            Err(::css_parse::diagnostics::NumberTooSmall(0f32, ty.to_span()))?
        }
        Ok(Self::LengthPercentage(ty))
    }
}
