---
source: crates/csskit_proc_macro/src/test.rs
expression: pretty
---
::css_parse::keyword_set!(
    #[derive(::csskit_derives::Visitable)] #[visit(skip)] pub enum FooKeywords { Foo :
    "foo", }
);
enum Foo {
    #[visit(skip)]
    Foo(::css_parse::T![Ident]),
    Bar(Option<crate::Color>, #[visit(skip)] ::css_parse::T![Ident]),
}
#[automatically_derived]
impl<'a> ::css_parse::Parse<'a> for Foo {
    fn parse(p: &mut ::css_parse::Parser<'a>) -> ::css_parse::Result<Self> {
        use ::css_parse::{Parse, Peek};
        match p.parse_if_peek::<FooKeywords>()? {
            Some(FooKeywords::Foo(ident)) => {
                return Ok(Self::Foo(ident));
            }
            None => {}
        }
        let combo0 = p.parse_if_peek::<crate::Color>()?;
        let combo1 = {
            let ident = p.parse::<::css_parse::T![Ident]>()?;
            let c: ::css_parse::Cursor = ident.into();
            if !p.eq_ignore_ascii_case(c, "bar") {
                Err(
                    ::css_parse::diagnostics::UnexpectedIdent(
                        p.parse_str(c).into(),
                        c.into(),
                    ),
                )?
            }
            ident
        };
        Ok(Self::Bar(combo0, combo1))
    }
}
