---
source: crates/csskit_proc_macro/src/test.rs
expression: pretty
---
::css_parse::keyword_set!(
    #[derive(::csskit_derives::Visitable)] #[visit(skip)] pub enum FooKeywords { Foo :
    "foo", }
);
#[derive(
    ::csskit_derives::Peek,
    ::csskit_derives::ToSpan,
    ::csskit_derives::ToCursors,
    ::csskit_derives::Visitable,
    Debug,
    Clone,
    PartialEq,
    Eq,
    PartialOrd,
    Ord,
    Hash
)]
#[cfg_attr(feature = "serde", derive(serde::Serialize), serde())]
enum Foo {
    #[visit(skip)]
    Foo(::css_parse::T![Ident]),
    Oblique(#[visit(skip)] ::css_parse::T![Ident], Option<crate::Angle>),
}
#[automatically_derived]
impl<'a> ::css_parse::Parse<'a> for Foo {
    fn parse(p: &mut ::css_parse::Parser<'a>) -> ::css_parse::Result<Self> {
        use ::css_parse::{Parse, Peek};
        match p.parse_if_peek::<FooKeywords>()? {
            Some(FooKeywords::Foo(ident)) => {
                return Ok(Self::Foo(ident));
            }
            None => {}
        }
        let combo0 = {
            let ident = p.parse::<::css_parse::T![Ident]>()?;
            let c: ::css_parse::Cursor = ident.into();
            if !p.eq_ignore_ascii_case(c, "oblique") {
                Err(
                    ::css_parse::diagnostics::UnexpectedIdent(
                        p.parse_str(c).into(),
                        c.into(),
                    ),
                )?
            }
            ident
        };
        let combo1 = if p.peek::<crate::Angle>() {
            let ty = p.parse::<crate::Angle>()?;
            if !(-90f32..=90f32).contains(&Into::<f32>::into(ty)) {
                use css_parse::ToSpan;
                Err(
                    ::css_parse::diagnostics::NumberOutOfBounds(
                        ty.into(),
                        format!("{}..{}", - 90f32, 90f32),
                        ty.to_span(),
                    ),
                )?
            }
            Some(ty)
        } else {
            None
        };
        Ok(Self::Oblique(combo0, combo1))
    }
}
