---
source: crates/csskit_proc_macro/src/test.rs
expression: pretty
---
::css_parse::keyword_set!(
    #[derive(::csskit_derives::Visitable)] #[visit(skip)] pub enum FooKeywords { Foo :
    "foo", Bar : "bar", Baz : "baz", }
);
struct Foo {
    #[visit(skip)]
    pub foo: Option<::css_parse::T![Ident]>,
    #[visit(skip)]
    pub bar: Option<::css_parse::T![Ident]>,
    #[visit(skip)]
    pub baz: Option<::css_parse::T![Ident]>,
}
#[automatically_derived]
impl<'a> ::css_parse::Parse<'a> for Foo {
    fn parse(p: &mut ::css_parse::Parser<'a>) -> ::css_parse::Result<Self> {
        use ::css_parse::{Parse, Peek};
        use ::css_parse::Build;
        let mut val = Self {
            foo: None,
            bar: None,
            baz: None,
        };
        while val.foo.is_none() || val.bar.is_none() || val.baz.is_none() {
            let c = p.peek_n(1);
            match p.parse_if_peek::<FooKeywords>()? {
                Some(FooKeywords::Foo(ident)) => {
                    if val.foo.is_some() {
                        use ::css_parse::ToSpan;
                        Err(
                            ::css_parse::diagnostics::Unexpected(
                                ident.into(),
                                c.to_span(),
                            ),
                        )?
                    }
                    val.foo = Some(ident);
                    continue;
                }
                Some(FooKeywords::Bar(ident)) => {
                    if val.bar.is_some() {
                        use ::css_parse::ToSpan;
                        Err(
                            ::css_parse::diagnostics::Unexpected(
                                ident.into(),
                                c.to_span(),
                            ),
                        )?
                    }
                    val.bar = Some(ident);
                    continue;
                }
                Some(FooKeywords::Baz(ident)) => {
                    if val.baz.is_some() {
                        use ::css_parse::ToSpan;
                        Err(
                            ::css_parse::diagnostics::Unexpected(
                                ident.into(),
                                c.to_span(),
                            ),
                        )?
                    }
                    val.baz = Some(ident);
                    continue;
                }
                None => {}
            }
            break;
        }
        if val.foo.is_none() && val.bar.is_none() && val.baz.is_none() {
            let c: ::css_parse::Cursor = p.parse::<::css_parse::T![Any]>()?.into();
            Err(::css_parse::diagnostics::Unexpected(c.into(), c.into()))?
        }
        Ok(val)
    }
}
