---
source: crates/csskit_proc_macro/src/test.rs
expression: pretty
---
::css_parse::keyword_set!(
    #[derive(::csskit_derives::Visitable)] #[visit(skip)] pub enum FooKeywords {
    LineThrough : "line-through", }
);
#[derive(
    ::csskit_derives::ToSpan,
    ::csskit_derives::ToCursors,
    ::csskit_derives::Visitable,
    Debug,
    Clone,
    PartialEq,
    Eq,
    PartialOrd,
    Ord,
    Hash
)]
#[cfg_attr(feature = "serde", derive(serde::Serialize), serde())]
enum Foo {
    Length(crate::Length),
    #[visit(skip)]
    LineThrough(::css_parse::T![Ident]),
}
#[automatically_derived]
impl<'a> ::css_parse::Peek<'a> for Foo {
    fn peek(p: &::css_parse::Parser<'a>, c: ::css_parse::Cursor) -> bool {
        use ::css_parse::Peek;
        <crate::Length>::peek(p, c) || <::css_parse::T![Ident]>::peek(p, c)
    }
}
#[automatically_derived]
impl<'a> ::css_parse::Parse<'a> for Foo {
    fn parse(p: &mut ::css_parse::Parser<'a>) -> ::css_parse::Result<Self> {
        use ::css_parse::{Parse, Peek};
        match p.parse_if_peek::<FooKeywords>()? {
            Some(FooKeywords::LineThrough(ident)) => {
                return Ok(Self::LineThrough(ident));
            }
            None => {}
        }
        let ty = p.parse::<crate::Length>()?;
        if 1f32 > Into::<f32>::into(ty) {
            use css_parse::ToSpan;
            Err(::css_parse::diagnostics::NumberTooSmall(1f32, ty.to_span()))?
        }
        Ok(Self::Length(ty))
    }
}
